[2026-10-08 20:00:02,554][__main__][INFO] - Downloading normalization statistics from https://drive.google.com/file/d/1LlwCMfy1b5e8jSx99CV3lWhcrQWrI2Jm/view?usp=drive_link to /soalnas/share/data/zbao7/diffusion_policy/results/repro_halfcheetah/dppo/data/gym/halfcheetah-medium-v2/normalization.npz
[2026-10-08 20:00:04,465][__main__][INFO] - Downloading checkpoint from https://drive.google.com/file/d/1o9ryyeZQAsaB4ffUTCJkIaGCi0frL3G4/view?usp=drive_link to /soalnas/share/data/zbao7/diffusion_policy/results/repro_halfcheetah/dppo/log/gym-pretrain/halfcheetah-medium-v2_pre_diffusion_mlp_ta4_td20/2024-06-12_23-04-42/checkpoint/state_3000.pt
[2026-10-08 20:00:11,519][absl][INFO] - MUJOCO_GL is not set, so an OpenGL backend will be chosen automatically.
[2026-10-08 20:00:11,527][absl][INFO] - Successfully imported OpenGL backend: glfw
[2026-10-08 20:00:11,574][absl][INFO] - MuJoCo library version is: 3.2.3
[2026-10-08 20:00:15,581][root][INFO] - Loaded SL-trained policy from /soalnas/share/data/zbao7/diffusion_policy/results/repro_halfcheetah/dppo/log/gym-pretrain/halfcheetah-medium-v2_pre_diffusion_mlp_ta4_td20/2024-06-12_23-04-42/checkpoint/state_3000.pt
[2026-10-08 20:00:15,582][root][INFO] - Number of network parameters: 568392
[2026-10-08 20:00:16,021][root][INFO] - Cloned model for fine-tuning
[2026-10-08 20:00:16,021][root][INFO] - Turned off gradients of the pretrained network
[2026-10-08 20:00:16,021][root][INFO] - Number of finetuned parameters: 568392
[2026-10-08 20:00:29,041][agent.finetune.train_agent][INFO] - Saved model to /soalnas/share/data/zbao7/diffusion_policy/results/repro_halfcheetah/dppo/log/gym-finetune/halfcheetah-medium-v2_ppo_diffusion_mlp_ta4_td20_tdf10/2026-10-08_20-00-02_42/checkpoint/state_0.pt
[2026-10-08 20:00:29,042][agent.finetune.train_ppo_diffusion_agent][INFO] - eval: success rate   1.0000 | avg episode reward 4272.9526 | avg best reward   6.4274
[2026-10-08 20:00:45,178][agent.finetune.train_ppo_diffusion_agent][INFO] - approx_kl: 0.0, update_epoch: 0, num_batch: 4
[2026-10-08 20:00:47,510][agent.finetune.train_ppo_diffusion_agent][INFO] - approx_kl: 8.000895945770026e-07, update_epoch: 0, num_batch: 4
[2026-10-08 20:00:49,587][agent.finetune.train_ppo_diffusion_agent][INFO] - approx_kl: 2.205588771175826e-06, update_epoch: 0, num_batch: 4
[2026-10-08 20:00:51,778][agent.finetune.train_ppo_diffusion_agent][INFO] - approx_kl: 4.007195911981398e-06, update_epoch: 0, num_batch: 4
[2026-10-08 20:00:53,951][agent.finetune.train_ppo_diffusion_agent][INFO] - approx_kl: 5.847797183378134e-06, update_epoch: 1, num_batch: 4
[2026-10-08 20:00:56,253][agent.finetune.train_ppo_diffusion_agent][INFO] - approx_kl: 6.75462342769606e-06, update_epoch: 1, num_batch: 4
[2026-10-08 20:00:58,347][agent.finetune.train_ppo_diffusion_agent][INFO] - approx_kl: 7.648484825040214e-06, update_epoch: 1, num_batch: 4
[2026-10-08 20:01:00,530][agent.finetune.train_ppo_diffusion_agent][INFO] - approx_kl: 7.995447049324866e-06, update_epoch: 1, num_batch: 4
[2026-10-08 20:01:02,710][agent.finetune.train_ppo_diffusion_agent][INFO] - approx_kl: 8.318872460222337e-06, update_epoch: 2, num_batch: 4
[2026-10-08 20:01:05,001][agent.finetune.train_ppo_diffusion_agent][INFO] - approx_kl: 8.631108357803896e-06, update_epoch: 2, num_batch: 4
[2026-10-08 20:01:07,087][agent.finetune.train_ppo_diffusion_agent][INFO] - approx_kl: 8.317958418047056e-06, update_epoch: 2, num_batch: 4
[2026-10-08 20:01:09,332][agent.finetune.train_ppo_diffusion_agent][INFO] - approx_kl: 8.672972398926504e-06, update_epoch: 2, num_batch: 4
[2026-10-08 20:01:11,516][agent.finetune.train_ppo_diffusion_agent][INFO] - approx_kl: 8.673920092405751e-06, update_epoch: 3, num_batch: 4
[2026-10-08 20:01:13,794][agent.finetune.train_ppo_diffusion_agent][INFO] - approx_kl: 8.811350198811851e-06, update_epoch: 3, num_batch: 4
[2026-10-08 20:01:15,882][agent.finetune.train_ppo_diffusion_agent][INFO] - approx_kl: 9.366146514366847e-06, update_epoch: 3, num_batch: 4
[2026-10-08 20:01:18,045][agent.finetune.train_ppo_diffusion_agent][INFO] - approx_kl: 9.67459891398903e-06, update_epoch: 3, num_batch: 4
[2026-10-08 20:01:20,233][agent.finetune.train_ppo_diffusion_agent][INFO] - approx_kl: 1.0052419384010136e-05, update_epoch: 4, num_batch: 4
[2026-10-08 20:01:22,553][agent.finetune.train_ppo_diffusion_agent][INFO] - approx_kl: 1.0574330190138426e-05, update_epoch: 4, num_batch: 4
[2026-10-08 20:01:24,638][agent.finetune.train_ppo_diffusion_agent][INFO] - approx_kl: 1.1025483217963483e-05, update_epoch: 4, num_batch: 4
[2026-10-08 20:01:26,815][agent.finetune.train_ppo_diffusion_agent][INFO] - approx_kl: 1.1479992281238083e-05, update_epoch: 4, num_batch: 4
[2026-10-08 20:01:26,847][agent.finetune.train_agent][INFO] - Saved model to /soalnas/share/data/zbao7/diffusion_policy/results/repro_halfcheetah/dppo/log/gym-finetune/halfcheetah-medium-v2_ppo_diffusion_mlp_ta4_td20_tdf10/2026-10-08_20-00-02_42/checkpoint/state_1.pt
[2026-10-08 20:01:26,847][agent.finetune.train_ppo_diffusion_agent][INFO] - 1: step    80000 | loss   0.0045 | pg loss  -0.0006 | value loss   0.0102 | bc loss   0.0000 | reward 3806.3210 | eta   1.0000 | t: 57.8052
