{
  "run_id": "smoke",
  "status": "running",
  "bytes": 6803,
  "lines": 133,
  "collection_iteration": 1,
  "rollout_step": 490,
  "last_completed_itr": 0,
  "training_env_steps": 0,
  "initial_eval_return": 4272.9526,
  "last_line": "[2026-10-08 20:00:53,951][agent.finetune.train_ppo_diffusion_agent][INFO] - approx_kl: 5.847797183378134e-06, update_epoch: 1, num_batch: 4",
  "updated_utc": "2026-10-09T03:00:53+00:00",
  "elapsed_seconds": 53.002988776075654,
  "deadline_utc": "2026-10-09T03:30:00+00:00",
  "logdir": "/soalnas/share/data/zbao7/diffusion_policy/results/repro_halfcheetah/dppo/log/gym-finetune/halfcheetah-medium-v2_ppo_diffusion_mlp_ta4_td20_tdf10/2026-10-08_20-00-02_42",
  "last_eval_return": 4272.9526
}
Processed step 320 of 500
Processed step 330 of 500
Processed step 340 of 500
Processed step 350 of 500
Processed step 360 of 500
Processed step 370 of 500
Processed step 380 of 500
Processed step 390 of 500
Processed step 400 of 500
Processed step 410 of 500
Processed step 420 of 500
Processed step 430 of 500
Processed step 440 of 500
Processed step 450 of 500
Processed step 460 of 500
Processed step 470 of 500
Processed step 480 of 500
Processed step 490 of 500
[2026-10-08 20:00:45,178][agent.finetune.train_ppo_diffusion_agent][INFO] - approx_kl: 0.0, update_epoch: 0, num_batch: 4
[2026-10-08 20:00:47,510][agent.finetune.train_ppo_diffusion_agent][INFO] - approx_kl: 8.000895945770026e-07, update_epoch: 0, num_batch: 4
[2026-10-08 20:00:49,587][agent.finetune.train_ppo_diffusion_agent][INFO] - approx_kl: 2.205588771175826e-06, update_epoch: 0, num_batch: 4
[2026-10-08 20:00:51,778][agent.finetune.train_ppo_diffusion_agent][INFO] - approx_kl: 4.007195911981398e-06, update_epoch: 0, num_batch: 4
