NVIDIA-SMI has failed because it couldn't communicate with the NVIDIA driver. Make sure that the latest NVIDIA driver is installed and running.

2
PRETTY_NAME="Ubuntu 24.04.4 LTS"
NAME="Ubuntu"
VERSION_ID="24.04"
VERSION="24.04.4 LTS (Noble Numbat)"
VERSION_CODENAME=noble
ID=ubuntu
ID_LIKE=debian
HOME_URL="https://www.ubuntu.com/"
SUPPORT_URL="https://help.ubuntu.com/"
BUG_REPORT_URL="https://bugs.launchpad.net/ubuntu/"
PRIVACY_POLICY_URL="https://www.ubuntu.com/legal/terms-and-policies/privacy-policy"
UBUNTU_CODENAME=noble
LOGO=ubuntu-logo
Filesystem                                              Size  Used Avail Use% Mounted on
10.79.13.15:/soalnas/share/data/zbao7/diffusion_policy   44T   39T  4.6T  90% /soalnas/share/data/zbao7/diffusion_policy
NVRM version: NVIDIA UNIX x86_64 Kernel Module  580.82.07  Wed Aug 27 18:39:48 UTC 2025
GCC version:  gcc version 13.3.0 (Ubuntu 13.3.0-6ubuntu2~24.04.1) 
Fri Oct  9 02:36:41 UTC 2026
