seed 1
sed step 250 of 500
Processed step 260 of 500
Processed step 270 of 500
Processed step 280 of 500
Processed step 290 of 500
Processed step 300 of 500
Processed step 310 of 500
Processed step 320 of 500
Processed step 330 of 500
Processed step 340 of 500
Processed step 350 of 500
Processed step 360 of 500
Processed step 370 of 500
Processed step 380 of 500
Processed step 390 of 500
Processed step 400 of 500
Processed step 410 of 500
Processed step 420 of 500
Processed step 430 of 500
Processed step 440 of 500
Processed step 450 of 500
Processed step 460 of 500
Processed step 470 of 500
Processed step 480 of 500
Processed step 490 of 500
[2026-10-08 22:50:32,335][agent.finetune.train_ppo_diffusion_agent][INFO] - eval: success rate   1.0000 | avg episode reward 4583.5329 | avg best reward   6.5166
Processed step 0 of 500
Processed step 10 of 500
Processed step 20 of 500
Processed step 30 of 500
Processed step 40 of 500
Processed step 50 of 500
Processed step 60 of 500
Processed step 70 of 500
Processed step 80 of 500
Processed step 90 of 500
Processed step 100 of 500
Processed step 110 of 500
Processed step 120 of 500
Processed step 130 of 500
Processed step 140 of 500
Processed step 150 of 500
Processed step 160 of 500
Processed step 170 of 500
Processed step 180 of 500
Processed step 190 of 500
Processed step 200 of 500
Processed step 210 of 500
Processed step 220 of 500
Processed step 230 of 500
Processed step 240 of 500
Processed step 250 of 500
Processed step 260 of 500
Processed step 270 of 500
Processed step 280 of 500
Processed step 290 of 500
Processed step 300 of 500
Processed step 310 of 500
Processed step 320 of 500
Processed step 330 of 500
Processed step 340 of 500
Processed step 350 of 500
Processed step 360 of 500
Processed step 370 of 500
Processed step 380 of 500
Processed step 390 of 500
Processed step 400 of 500
Processed step 410 of 500
Processed step 420 of 500
Processed step 430 of 500
Processed step 440 of 500
Processed step 450 of 500
Processed step 460 of 500
Processed step 470 of 500
Processed step 480 of 500
Processed step 490 of 500
[2026-10-08 22:50:47,602][agent.finetune.train_ppo_diffusion_agent][INFO] - approx_kl: 0.0, update_epoch: 0, num_batch: 4
[2026-10-08 22:50:49,811][agent.finetune.train_ppo_diffusion_agent][INFO] - approx_kl: 1.089051622216175e-07, update_epoch: 0, num_batch: 4
[2026-10-08 22:50:52,131][agent.finetune.train_ppo_diffusion_agent][INFO] - approx_kl: 3.5933240383201337e-07, update_epoch: 0, num_batch: 4
[2026-10-08 22:50:54,320][agent.finetune.train_ppo_diffusion_agent][INFO] - approx_kl: 8.089693892543437e-07, update_epoch: 0, num_batch: 4
[2026-10-08 22:50:56,571][agent.finetune.train_ppo_diffusion_agent][INFO] - approx_kl: 1.3955549320598948e-06, update_epoch: 1, num_batch: 4
[2026-10-08 22:50:58,827][agent.finetune.train_ppo_diffusion_agent][INFO] - approx_kl: 2.3256836811924586e-06, update_epoch: 1, num_batch: 4
[2026-10-08 22:51:01,187][agent.finetune.train_ppo_diffusion_agent][INFO] - approx_kl: 3.389117637198069e-06, update_epoch: 1, num_batch: 4
[2026-10-08 22:51:03,290][agent.finetune.train_ppo_diffusion_agent][INFO] - approx_kl: 4.643885858968133e-06, update_epoch: 1, num_batch: 4

seed 2
update_epoch: 1, num_batch: 4
[2026-10-08 22:50:25,438][agent.finetune.train_ppo_diffusion_agent][INFO] - approx_kl: 2.153869218091131e-06, update_epoch: 1, num_batch: 4
[2026-10-08 22:50:27,696][agent.finetune.train_ppo_diffusion_agent][INFO] - approx_kl: 2.993065663758898e-06, update_epoch: 2, num_batch: 4
[2026-10-08 22:50:30,055][agent.finetune.train_ppo_diffusion_agent][INFO] - approx_kl: 4.114774128538556e-06, update_epoch: 2, num_batch: 4
[2026-10-08 22:50:32,220][agent.finetune.train_ppo_diffusion_agent][INFO] - approx_kl: 5.367435733205639e-06, update_epoch: 2, num_batch: 4
[2026-10-08 22:50:34,471][agent.finetune.train_ppo_diffusion_agent][INFO] - approx_kl: 6.67253971187165e-06, update_epoch: 2, num_batch: 4
[2026-10-08 22:50:36,730][agent.finetune.train_ppo_diffusion_agent][INFO] - approx_kl: 7.963890311657451e-06, update_epoch: 3, num_batch: 4
[2026-10-08 22:50:39,103][agent.finetune.train_ppo_diffusion_agent][INFO] - approx_kl: 9.217330443789251e-06, update_epoch: 3, num_batch: 4
[2026-10-08 22:50:41,279][agent.finetune.train_ppo_diffusion_agent][INFO] - approx_kl: 1.0121533705387264e-05, update_epoch: 3, num_batch: 4
[2026-10-08 22:50:43,511][agent.finetune.train_ppo_diffusion_agent][INFO] - approx_kl: 1.068095752998488e-05, update_epoch: 3, num_batch: 4
[2026-10-08 22:50:45,786][agent.finetune.train_ppo_diffusion_agent][INFO] - approx_kl: 1.1322378668410238e-05, update_epoch: 4, num_batch: 4
[2026-10-08 22:50:48,131][agent.finetune.train_ppo_diffusion_agent][INFO] - approx_kl: 1.144709312939085e-05, update_epoch: 4, num_batch: 4
[2026-10-08 22:50:50,260][agent.finetune.train_ppo_diffusion_agent][INFO] - approx_kl: 1.163129218184622e-05, update_epoch: 4, num_batch: 4
[2026-10-08 22:50:52,486][agent.finetune.train_ppo_diffusion_agent][INFO] - approx_kl: 1.206045999424532e-05, update_epoch: 4, num_batch: 4
[2026-10-08 22:50:52,493][agent.finetune.train_ppo_diffusion_agent][INFO] - 2: step   160000 | loss   0.0124 | pg loss  -0.0005 | value loss   0.0258 | bc loss   0.0000 | reward 3921.0387 | eta   1.0000 | t: 58.6681
Processed step 0 of 500
Processed step 10 of 500
Processed step 20 of 500
Processed step 30 of 500
Processed step 40 of 500
Processed step 50 of 500
Processed step 60 of 500
Processed step 70 of 500
Processed step 80 of 500
Processed step 90 of 500
Processed step 100 of 500
Processed step 110 of 500
Processed step 120 of 500
Processed step 130 of 500
Processed step 140 of 500
Processed step 150 of 500
Processed step 160 of 500
Processed step 170 of 500
Processed step 180 of 500
Processed step 190 of 500
Processed step 200 of 500
Processed step 210 of 500
Processed step 220 of 500
Processed step 230 of 500
Processed step 240 of 500
Processed step 250 of 500
Processed step 260 of 500
Processed step 270 of 500
Processed step 280 of 500
Processed step 290 of 500
Processed step 300 of 500
Processed step 310 of 500
Processed step 320 of 500
Processed step 330 of 500
Processed step 340 of 500
Processed step 350 of 500
Processed step 360 of 500
Processed step 370 of 500
Processed step 380 of 500
Processed step 390 of 500
Processed step 400 of 500
Processed step 410 of 500
Processed step 420 of 500
Processed step 430 of 500

