runs/seed1/progress.json
{
  "run_id": "seed1",
  "status": "running",
  "bytes": 195006,
  "lines": 3356,
  "collection_iteration": 48,
  "rollout_step": 290,
  "last_completed_itr": 47,
  "training_env_steps": 3440000,
  "initial_eval_return": 4384.2829,
  "last_line": "Processed step 290 of 500",
  "updated_utc": "2026-10-09T05:48:33+00:00",
  "elapsed_seconds": 2540.777684806031,
  "deadline_utc": "2026-10-09T07:21:12+00:00",
  "logdir": "/soalnas/share/data/zbao7/diffusion_policy/results/repro_halfcheetah/dppo/log/gym-finetune/halfcheetah-medium-v2_ppo_diffusion_mlp_ta4_td20_tdf10/2026-10-08_22-06-13_1",
  "last_eval_return": 4645.6573
}

runs/seed2/progress.json
{
  "run_id": "seed2",
  "status": "running",
  "bytes": 0,
  "lines": 0,
  "collection_iteration": -1,
  "rollout_step": null,
  "last_completed_itr": null,
  "training_env_steps": 0,
  "initial_eval_return": null,
  "last_line": "",
  "updated_utc": "2026-10-09T05:48:32+00:00",
  "elapsed_seconds": 0.2361284289509058,
  "deadline_utc": "2026-10-09T08:03:32+00:00",
  "logdir": null
}

setup/slurm-17770172.log

