Obtaining file:///soalnas/share/data/zbao7/diffusion_policy/results/repro_halfcheetah/dppo
  Installing build dependencies: started
  Installing build dependencies: finished with status 'done'
  Checking if build backend supports build_editable: started
  Checking if build backend supports build_editable: finished with status 'done'
  Getting requirements to build editable: started
  Getting requirements to build editable: finished with status 'done'
  Preparing editable metadata (pyproject.toml): started
  Preparing editable metadata (pyproject.toml): finished with status 'done'
Requirement already satisfied: av==12.3.0 in /soalnas/share/data/zbao7/diffusion_policy/results/repro_halfcheetah/env/lib/python3.8/site-packages (from dppo==0.8.0) (12.3.0)
Requirement already satisfied: einops==0.8.0 in /soalnas/share/data/zbao7/diffusion_policy/results/repro_halfcheetah/env/lib/python3.8/site-packages (from dppo==0.8.0) (0.8.0)
Requirement already satisfied: gdown==5.2.0 in /soalnas/share/data/zbao7/diffusion_policy/results/repro_halfcheetah/env/lib/python3.8/site-packages (from dppo==0.8.0) (5.2.0)
Requirement already satisfied: gym==0.22.0 in /soalnas/share/data/zbao7/diffusion_policy/results/repro_halfcheetah/env/lib/python3.8/site-packages (from dppo==0.8.0) (0.22.0)
Requirement already satisfied: hydra-core==1.3.2 in /soalnas/share/data/zbao7/diffusion_policy/results/repro_halfcheetah/env/lib/python3.8/site-packages (from dppo==0.8.0) (1.3.2)
Requirement already satisfied: imageio==2.35.1 in /soalnas/share/data/zbao7/diffusion_policy/results/repro_halfcheetah/env/lib/python3.8/site-packages (from dppo==0.8.0) (2.35.1)
Requirement already satisfied: matplotlib==3.7.5 in /soalnas/share/data/zbao7/diffusion_policy/results/repro_halfcheetah/env/lib/python3.8/site-packages (from dppo==0.8.0) (3.7.5)
Requirement already satisfied: omegaconf==2.3.0 in /soalnas/share/data/zbao7/diffusion_policy/results/repro_halfcheetah/env/lib/python3.8/site-packages (from dppo==0.8.0) (2.3.0)
Requirement already satisfied: pretty-errors==1.2.25 in /soalnas/share/data/zbao7/diffusion_policy/results/repro_halfcheetah/env/lib/python3.8/site-packages (from dppo==0.8.0) (1.2.25)
Requirement already satisfied: torch==2.4.0 in /soalnas/share/data/zbao7/diffusion_policy/results/repro_halfcheetah/env/lib/python3.8/site-packages (from dppo==0.8.0) (2.4.0)
Requirement already satisfied: tqdm==4.66.5 in /soalnas/share/data/zbao7/diffusion_policy/results/repro_halfcheetah/env/lib/python3.8/site-packages (from dppo==0.8.0) (4.66.5)
Requirement already satisfied: wandb==0.17.7 in /soalnas/share/data/zbao7/diffusion_policy/results/repro_halfcheetah/env/lib/python3.8/site-packages (from dppo==0.8.0) (0.17.7)
Requirement already satisfied: beautifulsoup4 in /soalnas/share/data/zbao7/diffusion_policy/results/repro_halfcheetah/env/lib/python3.8/site-packages (from gdown==5.2.0->dppo==0.8.0) (4.15.0)
Requirement already satisfied: filelock in /soalnas/share/data/zbao7/diffusion_policy/results/repro_halfcheetah/env/lib/python3.8/site-packages (from gdown==5.2.0->dppo==0.8.0) (3.16.1)
Requirement already satisfied: requests[socks] in /soalnas/share/data/zbao7/diffusion_policy/results/repro_halfcheetah/env/lib/python3.8/site-packages (from gdown==5.2.0->dppo==0.8.0) (2.32.4)
Requirement already satisfied: numpy>=1.18.0 in /soalnas/share/data/zbao7/diffusion_policy/results/repro_halfcheetah/env/lib/python3.8/site-packages (from gym==0.22.0->dppo==0.8.0) (1.24.4)
Requirement already satisfied: cloudpickle>=1.2.0 in /soalnas/share/data/zbao7/diffusion_policy/results/repro_halfcheetah/env/lib/python3.8/site-packages (from gym==0.22.0->dppo==0.8.0) (3.1.2)
Requirement already satisfied: gym-notices>=0.0.4 in /soalnas/share/data/zbao7/diffusion_policy/results/repro_halfcheetah/env/lib/python3.8/site-packages (from gym==0.22.0->dppo==0.8.0) (0.1.0)
Requirement already satisfied: importlib-metadata>=4.10.0 in /soalnas/share/data/zbao7/diffusion_policy/results/repro_halfcheetah/env/lib/python3.8/site-packages (from gym==0.22.0->dppo==0.8.0) (8.5.0)
Requirement already satisfied: antlr4-python3-runtime==4.9.* in /soalnas/share/data/zbao7/diffusion_policy/results/repro_halfcheetah/env/lib/python3.8/site-packages (from hydra-core==1.3.2->dppo==0.8.0) (4.9.3)
Requirement already satisfied: packaging in /soalnas/share/data/zbao7/diffusion_policy/results/repro_halfcheetah/env/lib/python3.8/site-packages (from hydra-core==1.3.2->dppo==0.8.0) (26.2)
Requirement already satisfied: importlib-resources in /soalnas/share/data/zbao7/diffusion_policy/results/repro_halfcheetah/env/lib/python3.8/site-packages (from hydra-core==1.3.2->dppo==0.8.0) (6.4.5)
Requirement already satisfied: pillow>=8.3.2 in /soalnas/share/data/zbao7/diffusion_policy/results/repro_halfcheetah/env/lib/python3.8/site-packages (from imageio==2.35.1->dppo==0.8.0) (10.4.0)
Requirement already satisfied: contourpy>=1.0.1 in /soalnas/share/data/zbao7/diffusion_policy/results/repro_halfcheetah/env/lib/python3.8/site-packages (from matplotlib==3.7.5->dppo==0.8.0) (1.1.1)
Requirement already satisfied: cycler>=0.10 in /soalnas/share/data/zbao7/diffusion_policy/results/repro_halfcheetah/env/lib/python3.8/site-packages (from matplotlib==3.7.5->dppo==0.8.0) (0.12.1)
Requirement already satisfied: fonttools>=4.22.0 in /soalnas/share/data/zbao7/diffusion_policy/results/repro_halfcheetah/env/lib/python3.8/site-packages (from matplotlib==3.7.5->dppo==0.8.0) (4.57.0)
Requirement already satisfied: kiwisolver>=1.0.1 in /soalnas/share/data/zbao7/diffusion_policy/results/repro_halfcheetah/env/lib/python3.8/site-packages (from matplotlib==3.7.5->dppo==0.8.0) (1.4.7)
Requirement already satisfied: pyparsing>=2.3.1 in /soalnas/share/data/zbao7/diffusion_policy/results/repro_halfcheetah/env/lib/python3.8/site-packages (from matplotlib==3.7.5->dppo==0.8.0) (3.1.4)
Requirement already satisfied: python-dateutil>=2.7 in /soalnas/share/data/zbao7/diffusion_policy/results/repro_halfcheetah/env/lib/python3.8/site-packages (from matplotlib==3.7.5->dppo==0.8.0) (2.9.0.post0)
Requirement already satisfied: PyYAML>=5.1.0 in /soalnas/share/data/zbao7/diffusion_policy/results/repro_halfcheetah/env/lib/python3.8/site-packages (from omegaconf==2.3.0->dppo==0.8.0) (6.0.3)
Requirement already satisfied: colorama in /soalnas/share/data/zbao7/diffusion_policy/results/repro_halfcheetah/env/lib/python3.8/site-packages (from pretty-errors==1.2.25->dppo==0.8.0) (0.4.6)
Requirement already satisfied: typing-extensions>=4.8.0 in /soalnas/share/data/zbao7/diffusion_policy/results/repro_halfcheetah/env/lib/python3.8/site-packages (from torch==2.4.0->dppo==0.8.0) (4.13.2)
Requirement already satisfied: sympy in /soalnas/share/data/zbao7/diffusion_policy/results/repro_halfcheetah/env/lib/python3.8/site-packages (from torch==2.4.0->dppo==0.8.0) (1.13.3)
Requirement already satisfied: networkx in /soalnas/share/data/zbao7/diffusion_policy/results/repro_halfcheetah/env/lib/python3.8/site-packages (from torch==2.4.0->dppo==0.8.0) (3.1)
Requirement already satisfied: jinja2 in /soalnas/share/data/zbao7/diffusion_policy/results/repro_halfcheetah/env/lib/python3.8/site-packages (from torch==2.4.0->dppo==0.8.0) (3.1.6)
Requirement already satisfied: fsspec in /soalnas/share/data/zbao7/diffusion_policy/results/repro_halfcheetah/env/lib/python3.8/site-packages (from torch==2.4.0->dppo==0.8.0) (2025.3.0)
Requirement already satisfied: nvidia-cuda-nvrtc-cu12==12.1.105 in /soalnas/share/data/zbao7/diffusion_policy/results/repro_halfcheetah/env/lib/python3.8/site-packages (from torch==2.4.0->dppo==0.8.0) (12.1.105)
Requirement already satisfied: nvidia-cuda-runtime-cu12==12.1.105 in /soalnas/share/data/zbao7/diffusion_policy/results/repro_halfcheetah/env/lib/python3.8/site-packages (from torch==2.4.0->dppo==0.8.0) (12.1.105)
Requirement already satisfied: nvidia-cuda-cupti-cu12==12.1.105 in /soalnas/share/data/zbao7/diffusion_policy/results/repro_halfcheetah/env/lib/python3.8/site-packages (from torch==2.4.0->dppo==0.8.0) (12.1.105)
Requirement already satisfied: nvidia-cudnn-cu12==9.1.0.70 in /soalnas/share/data/zbao7/diffusion_policy/results/repro_halfcheetah/env/lib/python3.8/site-packages (from torch==2.4.0->dppo==0.8.0) (9.1.0.70)
Requirement already satisfied: nvidia-cublas-cu12==12.1.3.1 in /soalnas/share/data/zbao7/diffusion_policy/results/repro_halfcheetah/env/lib/python3.8/site-packages (from torch==2.4.0->dppo==0.8.0) (12.1.3.1)
Requirement already satisfied: nvidia-cufft-cu12==11.0.2.54 in /soalnas/share/data/zbao7/diffusion_policy/results/repro_halfcheetah/env/lib/python3.8/site-packages (from torch==2.4.0->dppo==0.8.0) (11.0.2.54)
Requirement already satisfied: nvidia-curand-cu12==10.3.2.106 in /soalnas/share/data/zbao7/diffusion_policy/results/repro_halfcheetah/env/lib/python3.8/site-packages (from torch==2.4.0->dppo==0.8.0) (10.3.2.106)
Requirement already satisfied: nvidia-cusolver-cu12==11.4.5.107 in /soalnas/share/data/zbao7/diffusion_policy/results/repro_halfcheetah/env/lib/python3.8/site-packages (from torch==2.4.0->dppo==0.8.0) (11.4.5.107)
Requirement already satisfied: nvidia-cusparse-cu12==12.1.0.106 in /soalnas/share/data/zbao7/diffusion_policy/results/repro_halfcheetah/env/lib/python3.8/site-packages (from torch==2.4.0->dppo==0.8.0) (12.1.0.106)
Requirement already satisfied: nvidia-nccl-cu12==2.20.5 in /soalnas/share/data/zbao7/diffusion_policy/results/repro_halfcheetah/env/lib/python3.8/site-packages (from torch==2.4.0->dppo==0.8.0) (2.20.5)
Requirement already satisfied: nvidia-nvtx-cu12==12.1.105 in /soalnas/share/data/zbao7/diffusion_policy/results/repro_halfcheetah/env/lib/python3.8/site-packages (from torch==2.4.0->dppo==0.8.0) (12.1.105)
Requirement already satisfied: triton==3.0.0 in /soalnas/share/data/zbao7/diffusion_policy/results/repro_halfcheetah/env/lib/python3.8/site-packages (from torch==2.4.0->dppo==0.8.0) (3.0.0)
Requirement already satisfied: click!=8.0.0,>=7.1 in /soalnas/share/data/zbao7/diffusion_policy/results/repro_halfcheetah/env/lib/python3.8/site-packages (from wandb==0.17.7->dppo==0.8.0) (8.1.8)
Requirement already satisfied: docker-pycreds>=0.4.0 in /soalnas/share/data/zbao7/diffusion_policy/results/repro_halfcheetah/env/lib/python3.8/site-packages (from wandb==0.17.7->dppo==0.8.0) (0.4.0)
Requirement already satisfied: gitpython!=3.1.29,>=1.0.0 in /soalnas/share/data/zbao7/diffusion_policy/results/repro_halfcheetah/env/lib/python3.8/site-packages (from wandb==0.17.7->dppo==0.8.0) (3.2.0)
Requirement already satisfied: platformdirs in /soalnas/share/data/zbao7/diffusion_policy/results/repro_halfcheetah/env/lib/python3.8/site-packages (from wandb==0.17.7->dppo==0.8.0) (4.3.6)
Requirement already satisfied: protobuf!=4.21.0,<6,>=3.12.0 in /soalnas/share/data/zbao7/diffusion_policy/results/repro_halfcheetah/env/lib/python3.8/site-packages (from wandb==0.17.7->dppo==0.8.0) (5.29.6)
Requirement already satisfied: psutil>=5.0.0 in /soalnas/share/data/zbao7/diffusion_policy/results/repro_halfcheetah/env/lib/python3.8/site-packages (from wandb==0.17.7->dppo==0.8.0) (7.2.2)
Requirement already satisfied: sentry-sdk>=1.0.0 in /soalnas/share/data/zbao7/diffusion_policy/results/repro_halfcheetah/env/lib/python3.8/site-packages (from wandb==0.17.7->dppo==0.8.0) (2.71.0)
Requirement already satisfied: setproctitle in /soalnas/share/data/zbao7/diffusion_policy/results/repro_halfcheetah/env/lib/python3.8/site-packages (from wandb==0.17.7->dppo==0.8.0) (1.3.8)
Requirement already satisfied: setuptools in /soalnas/share/data/zbao7/diffusion_policy/results/repro_halfcheetah/env/lib/python3.8/site-packages (from wandb==0.17.7->dppo==0.8.0) (75.3.0)
Requirement already satisfied: nvidia-nvjitlink-cu12 in /soalnas/share/data/zbao7/diffusion_policy/results/repro_halfcheetah/env/lib/python3.8/site-packages (from nvidia-cusolver-cu12==11.4.5.107->torch==2.4.0->dppo==0.8.0) (12.9.86)
Collecting cython<3 (from dppo==0.8.0)
  Downloading Cython-0.29.37-cp38-cp38-manylinux_2_17_x86_64.manylinux2014_x86_64.manylinux_2_24_x86_64.whl.metadata (3.1 kB)
Collecting d4rl (from dppo==0.8.0)
  Downloading d4rl-1.1-py3-none-any.whl.metadata (270 bytes)
Collecting patchelf (from dppo==0.8.0)
  Downloading patchelf-0.19.1.0-py3-none-manylinux1_x86_64.manylinux_2_5_x86_64.musllinux_1_1_x86_64.whl.metadata (3.7 kB)
Collecting mujoco-py (from d4rl->dppo==0.8.0)
  Downloading mujoco_py-2.1.2.14-py3-none-any.whl.metadata (669 bytes)
Collecting pybullet (from d4rl->dppo==0.8.0)
  Downloading pybullet-3.2.7-cp38-cp38-manylinux_2_17_x86_64.manylinux2014_x86_64.whl.metadata (1.8 kB)
Collecting h5py (from d4rl->dppo==0.8.0)
  Downloading h5py-3.11.0-cp38-cp38-manylinux_2_17_x86_64.manylinux2014_x86_64.whl.metadata (2.5 kB)
Collecting termcolor (from d4rl->dppo==0.8.0)
  Downloading termcolor-2.4.0-py3-none-any.whl.metadata (6.1 kB)
Collecting dm-control>=1.0.3 (from d4rl->dppo==0.8.0)
  Downloading dm_control-1.0.23-py3-none-any.whl.metadata (1.3 kB)
Collecting absl-py>=0.7.0 (from dm-control>=1.0.3->d4rl->dppo==0.8.0)
  Downloading absl_py-2.3.1-py3-none-any.whl.metadata (3.3 kB)
Collecting dm-env (from dm-control>=1.0.3->d4rl->dppo==0.8.0)
  Downloading dm_env-1.6-py3-none-any.whl.metadata (966 bytes)
Collecting dm-tree!=0.1.2 (from dm-control>=1.0.3->d4rl->dppo==0.8.0)
  Downloading dm_tree-0.1.8-cp38-cp38-manylinux_2_17_x86_64.manylinux2014_x86_64.whl.metadata (1.9 kB)
Collecting glfw (from dm-control>=1.0.3->d4rl->dppo==0.8.0)
  Downloading glfw-2.10.2-py2.py3-none-manylinux_2_28_x86_64.whl.metadata (5.5 kB)
Collecting labmaze (from dm-control>=1.0.3->d4rl->dppo==0.8.0)
  Downloading labmaze-1.0.6-cp38-cp38-manylinux_2_17_x86_64.manylinux2014_x86_64.whl.metadata (303 bytes)
Collecting lxml (from dm-control>=1.0.3->d4rl->dppo==0.8.0)
  Downloading lxml-6.1.3-cp38-cp38-manylinux_2_26_x86_64.manylinux_2_28_x86_64.whl.metadata (3.0 kB)
Collecting mujoco>=3.2.1 (from dm-control>=1.0.3->d4rl->dppo==0.8.0)
  Downloading mujoco-3.2.3-cp38-cp38-manylinux_2_17_x86_64.manylinux2014_x86_64.whl.metadata (44 kB)
Collecting pyopengl>=3.1.4 (from dm-control>=1.0.3->d4rl->dppo==0.8.0)
  Downloading pyopengl-3.1.10-py3-none-any.whl.metadata (3.3 kB)
Collecting scipy (from dm-control>=1.0.3->d4rl->dppo==0.8.0)
  Downloading scipy-1.10.1-cp38-cp38-manylinux_2_17_x86_64.manylinux2014_x86_64.whl.metadata (58 kB)
Requirement already satisfied: six>=1.4.0 in /soalnas/share/data/zbao7/diffusion_policy/results/repro_halfcheetah/env/lib/python3.8/site-packages (from docker-pycreds>=0.4.0->wandb==0.17.7->dppo==0.8.0) (1.17.0)
Requirement already satisfied: gitdb<5,>=4.0.1 in /soalnas/share/data/zbao7/diffusion_policy/results/repro_halfcheetah/env/lib/python3.8/site-packages (from gitpython!=3.1.29,>=1.0.0->wandb==0.17.7->dppo==0.8.0) (4.0.12)
Requirement already satisfied: zipp>=3.20 in /soalnas/share/data/zbao7/diffusion_policy/results/repro_halfcheetah/env/lib/python3.8/site-packages (from importlib-metadata>=4.10.0->gym==0.22.0->dppo==0.8.0) (3.20.2)
Requirement already satisfied: charset_normalizer<4,>=2 in /soalnas/share/data/zbao7/diffusion_policy/results/repro_halfcheetah/env/lib/python3.8/site-packages (from requests[socks]->gdown==5.2.0->dppo==0.8.0) (3.5.2)
Requirement already satisfied: idna<4,>=2.5 in /soalnas/share/data/zbao7/diffusion_policy/results/repro_halfcheetah/env/lib/python3.8/site-packages (from requests[socks]->gdown==5.2.0->dppo==0.8.0) (3.15)
Requirement already satisfied: urllib3<3,>=1.21.1 in /soalnas/share/data/zbao7/diffusion_policy/results/repro_halfcheetah/env/lib/python3.8/site-packages (from requests[socks]->gdown==5.2.0->dppo==0.8.0) (2.2.3)
Requirement already satisfied: certifi>=2017.4.17 in /soalnas/share/data/zbao7/diffusion_policy/results/repro_halfcheetah/env/lib/python3.8/site-packages (from requests[socks]->gdown==5.2.0->dppo==0.8.0) (2026.7.22)
Requirement already satisfied: soupsieve>=1.6.1 in /soalnas/share/data/zbao7/diffusion_policy/results/repro_halfcheetah/env/lib/python3.8/site-packages (from beautifulsoup4->gdown==5.2.0->dppo==0.8.0) (2.7)
Requirement already satisfied: MarkupSafe>=2.0 in /soalnas/share/data/zbao7/diffusion_policy/results/repro_halfcheetah/env/lib/python3.8/site-packages (from jinja2->torch==2.4.0->dppo==0.8.0) (2.1.5)
Collecting cffi>=1.10 (from mujoco-py->d4rl->dppo==0.8.0)
  Downloading cffi-1.17.1-cp38-cp38-manylinux_2_17_x86_64.manylinux2014_x86_64.whl.metadata (1.5 kB)
Collecting fasteners~=0.15 (from mujoco-py->d4rl->dppo==0.8.0)
  Downloading fasteners-0.20-py3-none-any.whl.metadata (4.8 kB)
Requirement already satisfied: PySocks!=1.5.7,>=1.5.6 in /soalnas/share/data/zbao7/diffusion_policy/results/repro_halfcheetah/env/lib/python3.8/site-packages (from requests[socks]->gdown==5.2.0->dppo==0.8.0) (1.7.1)
Requirement already satisfied: mpmath<1.4,>=1.1.0 in /soalnas/share/data/zbao7/diffusion_policy/results/repro_halfcheetah/env/lib/python3.8/site-packages (from sympy->torch==2.4.0->dppo==0.8.0) (1.3.0)
Collecting pycparser (from cffi>=1.10->mujoco-py->d4rl->dppo==0.8.0)
  Downloading pycparser-2.23-py3-none-any.whl.metadata (993 bytes)
Requirement already satisfied: smmap<6,>=3.0.1 in /soalnas/share/data/zbao7/diffusion_policy/results/repro_halfcheetah/env/lib/python3.8/site-packages (from gitdb<5,>=4.0.1->gitpython!=3.1.29,>=1.0.0->wandb==0.17.7->dppo==0.8.0) (5.0.3)
Collecting etils[epath] (from mujoco>=3.2.1->dm-control>=1.0.3->d4rl->dppo==0.8.0)
  Downloading etils-1.3.0-py3-none-any.whl.metadata (5.5 kB)
Downloading Cython-0.29.37-cp38-cp38-manylinux_2_17_x86_64.manylinux2014_x86_64.manylinux_2_24_x86_64.whl (1.9 MB)
   ━━━━━━━━━━━━━━━━━━━━━━━━━━━━━━━━━━━━━━━━ 1.9/1.9 MB 8.5 MB/s eta 0:00:00
Downloading d4rl-1.1-py3-none-any.whl (26.4 MB)
   ━━━━━━━━━━━━━━━━━━━━━━━━━━━━━━━━━━━━━━━━ 26.4/26.4 MB 13.2 MB/s eta 0:00:00
Downloading patchelf-0.19.1.0-py3-none-manylinux1_x86_64.manylinux_2_5_x86_64.musllinux_1_1_x86_64.whl (549 kB)
   ━━━━━━━━━━━━━━━━━━━━━━━━━━━━━━━━━━━━━━━━ 549.4/549.4 kB 15.3 MB/s eta 0:00:00
Downloading dm_control-1.0.23-py3-none-any.whl (56.3 MB)
   ━━━━━━━━━━━━━━━━━━━━━━━━━━━━━━━━━━━━━━━━ 56.3/56.3 MB 16.9 MB/s eta 0:00:00
Downloading h5py-3.11.0-cp38-cp38-manylinux_2_17_x86_64.manylinux2014_x86_64.whl (5.3 MB)
   ━━━━━━━━━━━━━━━━━━━━━━━━━━━━━━━━━━━━━━━━ 5.3/5.3 MB 43.1 MB/s eta 0:00:00
Downloading mujoco_py-2.1.2.14-py3-none-any.whl (2.4 MB)
   ━━━━━━━━━━━━━━━━━━━━━━━━━━━━━━━━━━━━━━━━ 2.4/2.4 MB 34.6 MB/s eta 0:00:00
Downloading pybullet-3.2.7-cp38-cp38-manylinux_2_17_x86_64.manylinux2014_x86_64.whl (103.2 MB)
   ━━━━━━━━━━━━━━━━━━━━━━━━━━━━━━━━━━━━━━━━ 103.2/103.2 MB 20.3 MB/s eta 0:00:00
Downloading termcolor-2.4.0-py3-none-any.whl (7.7 kB)
Downloading absl_py-2.3.1-py3-none-any.whl (135 kB)
Downloading cffi-1.17.1-cp38-cp38-manylinux_2_17_x86_64.manylinux2014_x86_64.whl (446 kB)
Downloading dm_tree-0.1.8-cp38-cp38-manylinux_2_17_x86_64.manylinux2014_x86_64.whl (152 kB)
Downloading fasteners-0.20-py3-none-any.whl (18 kB)
Downloading glfw-2.10.2-py2.py3-none-manylinux_2_28_x86_64.whl (248 kB)
Downloading mujoco-3.2.3-cp38-cp38-manylinux_2_17_x86_64.manylinux2014_x86_64.whl (6.1 MB)
   ━━━━━━━━━━━━━━━━━━━━━━━━━━━━━━━━━━━━━━━━ 6.1/6.1 MB 38.2 MB/s eta 0:00:00
Downloading pyopengl-3.1.10-py3-none-any.whl (3.2 MB)
   ━━━━━━━━━━━━━━━━━━━━━━━━━━━━━━━━━━━━━━━━ 3.2/3.2 MB 50.1 MB/s eta 0:00:00
Downloading dm_env-1.6-py3-none-any.whl (26 kB)
Downloading labmaze-1.0.6-cp38-cp38-manylinux_2_17_x86_64.manylinux2014_x86_64.whl (4.9 MB)
   ━━━━━━━━━━━━━━━━━━━━━━━━━━━━━━━━━━━━━━━━ 4.9/4.9 MB 27.1 MB/s eta 0:00:00
Downloading lxml-6.1.3-cp38-cp38-manylinux_2_26_x86_64.manylinux_2_28_x86_64.whl (5.2 MB)
   ━━━━━━━━━━━━━━━━━━━━━━━━━━━━━━━━━━━━━━━━ 5.2/5.2 MB 45.0 MB/s eta 0:00:00
Downloading scipy-1.10.1-cp38-cp38-manylinux_2_17_x86_64.manylinux2014_x86_64.whl (34.5 MB)
   ━━━━━━━━━━━━━━━━━━━━━━━━━━━━━━━━━━━━━━━━ 34.5/34.5 MB 40.8 MB/s eta 0:00:00
Downloading pycparser-2.23-py3-none-any.whl (118 kB)
Downloading etils-1.3.0-py3-none-any.whl (126 kB)
Building wheels for collected packages: dppo
  Building editable for dppo (pyproject.toml): started
  Building editable for dppo (pyproject.toml): finished with status 'done'
  Created wheel for dppo: filename=dppo-0.8.0-0.editable-py3-none-any.whl size=10005 sha256=deac8992c4274c7820c8e0546970d6695191dbb2e8ba2640468718bda11735fd
  Stored in directory: /soalnas/share/data/zbao7/diffusion_policy/results/repro_halfcheetah/tmp/pip-ephem-wheel-cache-yk9mmiq1/wheels/6e/f6/c9/482731e3cdb4916b50dcc92d15f4a383798c040b55f0f62352
Successfully built dppo
Installing collected packages: pyopengl, pybullet, glfw, dm-tree, termcolor, scipy, pycparser, patchelf, lxml, h5py, fasteners, etils, cython, absl-py, labmaze, dm-env, cffi, mujoco-py, mujoco, dppo, dm-control, d4rl
  Attempting uninstall: dppo
    Found existing installation: dppo 0.8.0
    Uninstalling dppo-0.8.0:
      Successfully uninstalled dppo-0.8.0
Successfully installed absl-py-2.3.1 cffi-1.17.1 cython-0.29.37 d4rl-1.1 dm-control-1.0.23 dm-env-1.6 dm-tree-0.1.8 dppo-0.8.0 etils-1.3.0 fasteners-0.20 glfw-2.10.2 h5py-3.11.0 labmaze-1.0.6 lxml-6.1.3 mujoco-3.2.3 mujoco-py-2.1.2.14 patchelf-0.19.1.0 pybullet-3.2.7 pycparser-2.23 pyopengl-3.1.10 scipy-1.10.1 termcolor-2.4.0
