runs/seed2/manifest.json
{
  "run_id": "seed2",
  "seed": 2,
  "status": "complete",
  "start_utc": "2026-10-09T05:48:32+00:00",
  "end_utc": "2026-10-09T07:53:50+00:00",
  "command": [
    "python",
    "script/run.py",
    "--config-dir=cfg/gym/finetune/halfcheetah-v2",
    "--config-name=ft_ppo_diffusion_mlp",
    "train.n_train_itr=140",
    "train.save_model_freq=35",
    "seed=2",
    "wandb=null"
  ],
  "command_shell_display": "python script/run.py --config-dir=cfg/gym/finetune/halfcheetah-v2 --config-name=ft_ppo_diffusion_mlp train.n_train_itr=140 train.save_model_freq=35 seed=2 wandb=null",
  "cwd": "/soalnas/share/data/zbao7/diffusion_policy/results/repro_halfcheetah/dppo",
  "environment": {
    "DPPO_DATA_DIR": "/soalnas/share/data/zbao7/diffusion_policy/results/repro_halfcheetah/dppo/data",
    "DPPO_LOG_DIR": "/soalnas/share/data/zbao7/diffusion_policy/results/repro_halfcheetah/dppo/log",
    "CUDA_VISIBLE_DEVICES": "0",
    "LD_LIBRARY_PATH": "/sailhome/zbao7/.mujoco/mujoco210/bin:/usr/lib/nvidia",
    "PYTHONDONTWRITEBYTECODE": "1",
    "MPLCONFIGDIR": "/soalnas/share/data/zbao7/diffusion_policy/results/repro_halfcheetah/cache/matplotlib",
    "SLURM_JOB_ID": "17770172",
    "SLURM_JOBID": "17770172",
    "SLURM_JOB_NODELIST": "soal-10",
    "SLURM_CPUS_PER_TASK": "40",
    "SLURM_JOB_GPUS": "4"
  },
  "slurm_job_id": "17770172",
  "hardware_record": "/soalnas/share/data/zbao7/diffusion_policy/results/repro_halfcheetah/setup",
  "timeout_seconds": 8100,
  "requested_timeout_seconds": 8100,
  "budget_amendment": "/soalnas/share/data/zbao7/diffusion_policy/results/repro_halfcheetah/provenance/budget_amendment.json",
  "deadline_utc": "2026-10-09T08:03:32+00:00",
  "estimate_seconds": 7407.0,
  "estimate_basis": "14 evaluation and 126 training iterations from measured smoke, replaced by completed full native timing when available",
  "runtime_estimate_records": "/soalnas/share/data/zbao7/diffusion_policy/results/repro_halfcheetah/provenance/runtime_estimates.jsonl",
  "monitor_interval_seconds": 1800,
  "monitor_status": "paused",
  "console_log": "/soalnas/share/data/zbao7/diffusion_policy/results/repro_halfcheetah/runs/seed2/console.log",
  "verification_commands": [
    [
      "git",
      "rev-parse",
      "HEAD"
    ],
    [
      "git",
      "diff",
      "--exit-code",
      "HEAD",
      "--"
    ],
    [
      "git",
      "rev-parse",
      "HEAD"
    ],
    [
      "git",
      "diff",
      "--exit-code",
      "HEAD",
      "--"
    ]
  ],
  "source_before": {
    "commit": "cc7234ad7ff39a8f32de3af903606723a16f0648",
    "tracked_files_clean": true
  },
  "subprocess_start_utc": "2026-10-09T05:48:32+00:00",
  "pid": 1633142,
  "logdir": "/soalnas/share/data/zbao7/diffusion_policy/results/repro_halfcheetah/dppo/log/gym-finetune/halfcheetah-medium-v2_ppo_diffusion_mlp_ta4_td20_tdf10/2026-10-08_22-48-33_2",
  "result_path": "/soalnas/share/data/zbao7/diffusion_policy/results/repro_halfcheetah/dppo/log/gym-finetune/halfcheetah-medium-v2_ppo_diffusion_mlp_ta4_td20_tdf10/2026-10-08_22-48-33_2/result.pkl",
  "native_config": "/soalnas/share/data/zbao7/diffusion_policy/results/repro_halfcheetah/dppo/log/gym-finetune/halfcheetah-medium-v2_ppo_diffusion_mlp_ta4_td20_tdf10/2026-10-08_22-48-33_2/.hydra/config.yaml",
  "returncode": 0,
  "subprocess_end_utc": "2026-10-09T07:53:44+00:00",
  "subprocess_wall_seconds": 7512.229150913074,
  "resolved_config": "/soalnas/share/data/zbao7/diffusion_policy/results/repro_halfcheetah/runs/seed2/config.yaml",
  "source_after": {
    "commit": "cc7234ad7ff39a8f32de3af903606723a16f0648",
    "tracked_files_clean": true
  },
  "checkpoints": [
    "/soalnas/share/data/zbao7/diffusion_policy/results/repro_halfcheetah/dppo/log/gym-finetune/halfcheetah-medium-v2_ppo_diffusion_mlp_ta4_td20_tdf10/2026-10-08_22-48-33_2/checkpoint/state_0.pt",
    "/soalnas/share/data/zbao7/diffusion_policy/results/repro_halfcheetah/dppo/log/gym-finetune/halfcheetah-medium-v2_ppo_diffusion_mlp_ta4_td20_tdf10/2026-10-08_22-48-33_2/checkpoint/state_35.pt",
    "/soalnas/share/data/zbao7/diffusion_policy/results/repro_halfcheetah/dppo/log/gym-finetune/halfcheetah-medium-v2_ppo_diffusion_mlp_ta4_td20_tdf10/2026-10-08_22-48-33_2/checkpoint/state_70.pt",
    "/soalnas/share/data/zbao7/diffusion_policy/results/repro_halfcheetah/dppo/log/gym-finetune/halfcheetah-medium-v2_ppo_diffusion_mlp_ta4_td20_tdf10/2026-10-08_22-48-33_2/checkpoint/state_105.pt",
    "/soalnas/share/data/zbao7/diffusion_policy/results/repro_halfcheetah/dppo/log/gym-finetune/halfcheetah-medium-v2_ppo_diffusion_mlp_ta4_td20_tdf10/2026-10-08_22-48-33_2/checkpoint/state_139.pt"
  ],
  "verified_rows": 140,
  "initial_eval_return": 4354.750334819849,
  "final_training_env_steps": 10080000,
  "native_iteration_time_sum_seconds": 7501.074105262756,
  "native_iteration_time_mean_seconds": 53.57910075187683,
  "checkpoint_tensors_finite": true,
  "wall_seconds_including_verification": 7518.341434185975
}

runs/parallel_batch_status.json
{"exit_code":0,"status":"terminal"}

runs/three_seed_analysis/candidates/summary.json
not created
