runs/remaining_batch_status.json
{"status":"running"}

runs/seed1/progress.json
{
  "run_id": "seed1",
  "status": "running",
  "bytes": 124785,
  "lines": 2177,
  "collection_iteration": 31,
  "rollout_step": 380,
  "last_completed_itr": 30,
  "training_env_steps": 2160000,
  "initial_eval_return": 4384.2829,
  "last_line": "Processed step 380 of 500",
  "updated_utc": "2026-10-09T05:33:04+00:00",
  "elapsed_seconds": 1611.626190419076,
  "deadline_utc": "2026-10-09T07:21:12+00:00",
  "logdir": "/soalnas/share/data/zbao7/diffusion_policy/results/repro_halfcheetah/dppo/log/gym-finetune/halfcheetah-medium-v2_ppo_diffusion_mlp_ta4_td20_tdf10/2026-10-08_22-06-13_1",
  "last_eval_return": 4594.8478
}

runs/seed1/manifest.json
{
  "run_id": "seed1",
  "seed": 1,
  "status": "running",
  "start_utc": "2026-10-09T05:06:12+00:00",
  "end_utc": null,
  "command": [
    "python",
    "script/run.py",
    "--config-dir=cfg/gym/finetune/halfcheetah-v2",
    "--config-name=ft_ppo_diffusion_mlp",
    "train.n_train_itr=140",
    "train.save_model_freq=35",
    "seed=1",
    "wandb=null"
  ],
  "command_shell_display": "python script/run.py --config-dir=cfg/gym/finetune/halfcheetah-v2 --config-name=ft_ppo_diffusion_mlp train.n_train_itr=140 train.save_model_freq=35 seed=1 wandb=null",
  "cwd": "/soalnas/share/data/zbao7/diffusion_policy/results/repro_halfcheetah/dppo",
  "environment": {
    "DPPO_DATA_DIR": "/soalnas/share/data/zbao7/diffusion_policy/results/repro_halfcheetah/dppo/data",
    "DPPO_LOG_DIR": "/soalnas/share/data/zbao7/diffusion_policy/results/repro_halfcheetah/dppo/log",
    "CUDA_VISIBLE_DEVICES": "0",
    "LD_LIBRARY_PATH": "/sailhome/zbao7/.mujoco/mujoco210/bin:/usr/lib/nvidia",
    "PYTHONDONTWRITEBYTECODE": "1",
    "MPLCONFIGDIR": "/soalnas/share/data/zbao7/diffusion_policy/results/repro_halfcheetah/cache/matplotlib",
    "SLURM_JOB_ID": "17769259",
    "SLURM_JOBID": "17769259",
    "SLURM_JOB_NODELIST": "soal-10",
    "SLURM_CPUS_PER_TASK": "40",
    "SLURM_JOB_GPUS": "3"
  },
  "slurm_job_id": "17769259",
  "hardware_record": "/soalnas/share/data/zbao7/diffusion_policy/results/repro_halfcheetah/setup",
  "timeout_seconds": 8100,
  "requested_timeout_seconds": 8100,
  "budget_amendment": "/soalnas/share/data/zbao7/diffusion_policy/results/repro_halfcheetah/provenance/budget_amendment.json",
  "deadline_utc": "2026-10-09T07:21:12+00:00",
  "estimate_seconds": 7407.0,
  "estimate_basis": "14 evaluation and 126 training iterations from measured smoke, replaced by completed full native timing when available",
  "runtime_estimate_records": "/soalnas/share/data/zbao7/diffusion_policy/results/repro_halfcheetah/provenance/runtime_estimates.jsonl",
  "monitor_interval_seconds": 1800,
  "monitor_status": "running",
  "console_log": "/soalnas/share/data/zbao7/diffusion_policy/results/repro_halfcheetah/runs/seed1/console.log",
  "verification_commands": [
    [
      "git",
      "rev-parse",
      "HEAD"
    ],
    [
      "git",
      "diff",
      "--exit-code",
      "HEAD",
      "--"
    ]
  ],
  "source_before": {
    "commit": "cc7234ad7ff39a8f32de3af903606723a16f0648",
    "tracked_files_clean": true
  },
  "subprocess_start_utc": "2026-10-09T05:06:12+00:00",
  "pid": 1625364
}

runs/seed2/progress.json
not created
runs/three_seed_analysis/candidates/summary.json
not created
