soal-10.stanford.edu
1
1598871 1597992 S    python /soalnas/share/data/zbao7/diffusion_policy/results/repro_halfcheetah/code/supervise_run.py --run-id seed0 --timeout-seconds 7200 --estimate-seconds 7465 -- python script/run.py --config-dir=cfg/gym/finetune/halfcheetah-v2 --config-name=ft_ppo_diffusion_mlp train.n_train_itr=140 train.save_model_freq=35 seed=0 wandb=null
1598874 1598871 Rsl  python script/run.py --config-dir=cfg/gym/finetune/halfcheetah-v2 --config-name=ft_ppo_diffusion_mlp train.n_train_itr=140 train.save_model_freq=35 seed=0 wandb=null
1598923 1598874 S    python script/run.py --config-dir=cfg/gym/finetune/halfcheetah-v2 --config-name=ft_ppo_diffusion_mlp train.n_train_itr=140 train.save_model_freq=35 seed=0 wandb=null
1598924 1598874 S    python script/run.py --config-dir=cfg/gym/finetune/halfcheetah-v2 --config-name=ft_ppo_diffusion_mlp train.n_train_itr=140 train.save_model_freq=35 seed=0 wandb=null
1598925 1598874 S    python script/run.py --config-dir=cfg/gym/finetune/halfcheetah-v2 --config-name=ft_ppo_diffusion_mlp train.n_train_itr=140 train.save_model_freq=35 seed=0 wandb=null
1598926 1598874 S    python script/run.py --config-dir=cfg/gym/finetune/halfcheetah-v2 --config-name=ft_ppo_diffusion_mlp train.n_train_itr=140 train.save_model_freq=35 seed=0 wandb=null
1598927 1598874 S    python script/run.py --config-dir=cfg/gym/finetune/halfcheetah-v2 --config-name=ft_ppo_diffusion_mlp train.n_train_itr=140 train.save_model_freq=35 seed=0 wandb=null
1598928 1598874 S    python script/run.py --config-dir=cfg/gym/finetune/halfcheetah-v2 --config-name=ft_ppo_diffusion_mlp train.n_train_itr=140 train.save_model_freq=35 seed=0 wandb=null
1598929 1598874 S    python script/run.py --config-dir=cfg/gym/finetune/halfcheetah-v2 --config-name=ft_ppo_diffusion_mlp train.n_train_itr=140 train.save_model_freq=35 seed=0 wandb=null
1598930 1598874 S    python script/run.py --config-dir=cfg/gym/finetune/halfcheetah-v2 --config-name=ft_ppo_diffusion_mlp train.n_train_itr=140 train.save_model_freq=35 seed=0 wandb=null
1598931 1598874 S    python script/run.py --config-dir=cfg/gym/finetune/halfcheetah-v2 --config-name=ft_ppo_diffusion_mlp train.n_train_itr=140 train.save_model_freq=35 seed=0 wandb=null
1598932 1598874 S    python script/run.py --config-dir=cfg/gym/finetune/halfcheetah-v2 --config-name=ft_ppo_diffusion_mlp train.n_train_itr=140 train.save_model_freq=35 seed=0 wandb=null
1598933 1598874 S    python script/run.py --config-dir=cfg/gym/finetune/halfcheetah-v2 --config-name=ft_ppo_diffusion_mlp train.n_train_itr=140 train.save_model_freq=35 seed=0 wandb=null
1598934 1598874 S    python script/run.py --config-dir=cfg/gym/finetune/halfcheetah-v2 --config-name=ft_ppo_diffusion_mlp train.n_train_itr=140 train.save_model_freq=35 seed=0 wandb=null
1598935 1598874 S    python script/run.py --config-dir=cfg/gym/finetune/halfcheetah-v2 --config-name=ft_ppo_diffusion_mlp train.n_train_itr=140 train.save_model_freq=35 seed=0 wandb=null
1598936 1598874 S    python script/run.py --config-dir=cfg/gym/finetune/halfcheetah-v2 --config-name=ft_ppo_diffusion_mlp train.n_train_itr=140 train.save_model_freq=35 seed=0 wandb=null
1598937 1598874 S    python script/run.py --config-dir=cfg/gym/finetune/halfcheetah-v2 --config-name=ft_ppo_diffusion_mlp train.n_train_itr=140 train.save_model_freq=35 seed=0 wandb=null
1598938 1598874 S    python script/run.py --config-dir=cfg/gym/finetune/halfcheetah-v2 --config-name=ft_ppo_diffusion_mlp train.n_train_itr=140 train.save_model_freq=35 seed=0 wandb=null
1598939 1598874 S    python script/run.py --config-dir=cfg/gym/finetune/halfcheetah-v2 --config-name=ft_ppo_diffusion_mlp train.n_train_itr=140 train.save_model_freq=35 seed=0 wandb=null
1598940 1598874 S    python script/run.py --config-dir=cfg/gym/finetune/halfcheetah-v2 --config-name=ft_ppo_diffusion_mlp train.n_train_itr=140 train.save_model_freq=35 seed=0 wandb=null
1598941 1598874 S    python script/run.py --config-dir=cfg/gym/finetune/halfcheetah-v2 --config-name=ft_ppo_diffusion_mlp train.n_train_itr=140 train.save_model_freq=35 seed=0 wandb=null
1598945 1598874 S    python script/run.py --config-dir=cfg/gym/finetune/halfcheetah-v2 --config-name=ft_ppo_diffusion_mlp train.n_train_itr=140 train.save_model_freq=35 seed=0 wandb=null
1598946 1598874 S    python script/run.py --config-dir=cfg/gym/finetune/halfcheetah-v2 --config-name=ft_ppo_diffusion_mlp train.n_train_itr=140 train.save_model_freq=35 seed=0 wandb=null
1598948 1598874 S    python script/run.py --config-dir=cfg/gym/finetune/halfcheetah-v2 --config-name=ft_ppo_diffusion_mlp train.n_train_itr=140 train.save_model_freq=35 seed=0 wandb=null
1598949 1598874 S    python script/run.py --config-dir=cfg/gym/finetune/halfcheetah-v2 --config-name=ft_ppo_diffusion_mlp train.n_train_itr=140 train.save_model_freq=35 seed=0 wandb=null
1598950 1598874 S    python script/run.py --config-dir=cfg/gym/finetune/halfcheetah-v2 --config-name=ft_ppo_diffusion_mlp train.n_train_itr=140 train.save_model_freq=35 seed=0 wandb=null
1598951 1598874 S    python script/run.py --config-dir=cfg/gym/finetune/halfcheetah-v2 --config-name=ft_ppo_diffusion_mlp train.n_train_itr=140 train.save_model_freq=35 seed=0 wandb=null
1598952 1598874 S    python script/run.py --config-dir=cfg/gym/finetune/halfcheetah-v2 --config-name=ft_ppo_diffusion_mlp train.n_train_itr=140 train.save_model_freq=35 seed=0 wandb=null
1598953 1598874 S    python script/run.py --config-dir=cfg/gym/finetune/halfcheetah-v2 --config-name=ft_ppo_diffusion_mlp train.n_train_itr=140 train.save_model_freq=35 seed=0 wandb=null
1598954 1598874 S    python script/run.py --config-dir=cfg/gym/finetune/halfcheetah-v2 --config-name=ft_ppo_diffusion_mlp train.n_train_itr=140 train.save_model_freq=35 seed=0 wandb=null
1598955 1598874 S    python script/run.py --config-dir=cfg/gym/finetune/halfcheetah-v2 --config-name=ft_ppo_diffusion_mlp train.n_train_itr=140 train.save_model_freq=35 seed=0 wandb=null
1598956 1598874 S    python script/run.py --config-dir=cfg/gym/finetune/halfcheetah-v2 --config-name=ft_ppo_diffusion_mlp train.n_train_itr=140 train.save_model_freq=35 seed=0 wandb=null
1598957 1598874 S    python script/run.py --config-dir=cfg/gym/finetune/halfcheetah-v2 --config-name=ft_ppo_diffusion_mlp train.n_train_itr=140 train.save_model_freq=35 seed=0 wandb=null
1598958 1598874 S    python script/run.py --config-dir=cfg/gym/finetune/halfcheetah-v2 --config-name=ft_ppo_diffusion_mlp train.n_train_itr=140 train.save_model_freq=35 seed=0 wandb=null
1598959 1598874 S    python script/run.py --config-dir=cfg/gym/finetune/halfcheetah-v2 --config-name=ft_ppo_diffusion_mlp train.n_train_itr=140 train.save_model_freq=35 seed=0 wandb=null
1598960 1598874 S    python script/run.py --config-dir=cfg/gym/finetune/halfcheetah-v2 --config-name=ft_ppo_diffusion_mlp train.n_train_itr=140 train.save_model_freq=35 seed=0 wandb=null
1598961 1598874 S    python script/run.py --config-dir=cfg/gym/finetune/halfcheetah-v2 --config-name=ft_ppo_diffusion_mlp train.n_train_itr=140 train.save_model_freq=35 seed=0 wandb=null
1598962 1598874 S    python script/run.py --config-dir=cfg/gym/finetune/halfcheetah-v2 --config-name=ft_ppo_diffusion_mlp train.n_train_itr=140 train.save_model_freq=35 seed=0 wandb=null
1598963 1598874 S    python script/run.py --config-dir=cfg/gym/finetune/halfcheetah-v2 --config-name=ft_ppo_diffusion_mlp train.n_train_itr=140 train.save_model_freq=35 seed=0 wandb=null
1598964 1598874 S    python script/run.py --config-dir=cfg/gym/finetune/halfcheetah-v2 --config-name=ft_ppo_diffusion_mlp train.n_train_itr=140 train.save_model_freq=35 seed=0 wandb=null
1598965 1598874 S    python script/run.py --config-dir=cfg/gym/finetune/halfcheetah-v2 --config-name=ft_ppo_diffusion_mlp train.n_train_itr=140 train.save_model_freq=35 seed=0 wandb=null
1598966 1598874 S    python script/run.py --config-dir=cfg/gym/finetune/halfcheetah-v2 --config-name=ft_ppo_diffusion_mlp train.n_train_itr=140 train.save_model_freq=35 seed=0 wandb=null
1603088 1603077 S    /usr/bin/bash -c hostname; cat /proc/sys/kernel/yama/ptrace_scope; command -v gdb; ps -u zbao7 -o pid,ppid,stat,args | grep -E "supervise_run|script/run.py|run_batch"
1603097 1603088 S    grep -E supervise_run|script/run.py|run_batch
