runs/seed2/progress.json
{
  "run_id": "seed2",
  "status": "running",
  "bytes": 5294,
  "lines": 122,
  "collection_iteration": 1,
  "rollout_step": 490,
  "last_completed_itr": 0,
  "training_env_steps": 0,
  "initial_eval_return": 4354.7503,
  "last_line": "[2026-10-08 22:49:17,599][agent.finetune.train_ppo_diffusion_agent][INFO] - approx_kl: 3.2111968266690383e-06, update_epoch: 0, num_batch: 4",
  "updated_utc": "2026-10-09T05:49:17+00:00",
  "elapsed_seconds": 45.35012515098788,
  "deadline_utc": "2026-10-09T08:03:32+00:00",
  "logdir": "/soalnas/share/data/zbao7/diffusion_policy/results/repro_halfcheetah/dppo/log/gym-finetune/halfcheetah-medium-v2_ppo_diffusion_mlp_ta4_td20_tdf10/2026-10-08_22-48-33_2",
  "last_eval_return": 4354.7503
}

runs/seed2/manifest.json
{
  "run_id": "seed2",
  "seed": 2,
  "status": "running",
  "start_utc": "2026-10-09T05:48:32+00:00",
  "end_utc": null,
  "command": [
    "python",
    "script/run.py",
    "--config-dir=cfg/gym/finetune/halfcheetah-v2",
    "--config-name=ft_ppo_diffusion_mlp",
    "train.n_train_itr=140",
    "train.save_model_freq=35",
    "seed=2",
    "wandb=null"
  ],
  "command_shell_display": "python script/run.py --config-dir=cfg/gym/finetune/halfcheetah-v2 --config-name=ft_ppo_diffusion_mlp train.n_train_itr=140 train.save_model_freq=35 seed=2 wandb=null",
  "cwd": "/soalnas/share/data/zbao7/diffusion_policy/results/repro_halfcheetah/dppo",
  "environment": {
    "DPPO_DATA_DIR": "/soalnas/share/data/zbao7/diffusion_policy/results/repro_halfcheetah/dppo/data",
    "DPPO_LOG_DIR": "/soalnas/share/data/zbao7/diffusion_policy/results/repro_halfcheetah/dppo/log",
    "CUDA_VISIBLE_DEVICES": "0",
    "LD_LIBRARY_PATH": "/sailhome/zbao7/.mujoco/mujoco210/bin:/usr/lib/nvidia",
    "PYTHONDONTWRITEBYTECODE": "1",
    "MPLCONFIGDIR": "/soalnas/share/data/zbao7/diffusion_policy/results/repro_halfcheetah/cache/matplotlib",
    "SLURM_JOB_ID": "17770172",
    "SLURM_JOBID": "17770172",
    "SLURM_JOB_NODELIST": "soal-10",
    "SLURM_CPUS_PER_TASK": "40",
    "SLURM_JOB_GPUS": "4"
  },
  "slurm_job_id": "17770172",
  "hardware_record": "/soalnas/share/data/zbao7/diffusion_policy/results/repro_halfcheetah/setup",
  "timeout_seconds": 8100,
  "requested_timeout_seconds": 8100,
  "budget_amendment": "/soalnas/share/data/zbao7/diffusion_policy/results/repro_halfcheetah/provenance/budget_amendment.json",
  "deadline_utc": "2026-10-09T08:03:32+00:00",
  "estimate_seconds": 7407.0,
  "estimate_basis": "14 evaluation and 126 training iterations from measured smoke, replaced by completed full native timing when available",
  "runtime_estimate_records": "/soalnas/share/data/zbao7/diffusion_policy/results/repro_halfcheetah/provenance/runtime_estimates.jsonl",
  "monitor_interval_seconds": 1800,
  "monitor_status": "running",
  "console_log": "/soalnas/share/data/zbao7/diffusion_policy/results/repro_halfcheetah/runs/seed2/console.log",
  "verification_commands": [
    [
      "git",
      "rev-parse",
      "HEAD"
    ],
    [
      "git",
      "diff",
      "--exit-code",
      "HEAD",
      "--"
    ]
  ],
  "source_before": {
    "commit": "cc7234ad7ff39a8f32de3af903606723a16f0648",
    "tracked_files_clean": true
  },
  "subprocess_start_utc": "2026-10-09T05:48:32+00:00",
  "pid": 1633142
}

+ trap 'batch_rc=$?; printf "{\"exit_code\":%s,\"status\":\"terminal\"}\n" "$batch_rc" > "$REPRO_ROOT/runs/parallel_batch_status.json"' EXIT
+ python -
Parallel assignment and unchanged seed 1 verified.
+ printf '{"status":"running"}\n'
+ nvidia-smi
Thu Oct  8 22:48:31 2026       
+-----------------------------------------------------------------------------------------+
| NVIDIA-SMI 580.82.07              Driver Version: 580.82.07      CUDA Version: 13.0     |
+-----------------------------------------+------------------------+----------------------+
| GPU  Name                 Persistence-M | Bus-Id          Disp.A | Volatile Uncorr. ECC |
| Fan  Temp   Perf          Pwr:Usage/Cap |           Memory-Usage | GPU-Util  Compute M. |
|                                         |                        |               MIG M. |
|=========================================+========================+======================|
|   0  NVIDIA RTX A6000               On  |   00000000:81:00.0 Off |                  Off |
| 30%   31C    P8             15W /  300W |       1MiB /  49140MiB |      0%      Default |
|                                         |                        |                  N/A |
+-----------------------------------------+------------------------+----------------------+

+-----------------------------------------------------------------------------------------+
| Processes:                                                                              |
|  GPU   GI   CI              PID   Type   Process name                        GPU Memory |
|        ID   ID                                                               Usage      |
|=========================================================================================|
|  No running processes found                                                             |
+-----------------------------------------------------------------------------------------+
+ nproc
40
+ date -u
Fri Oct  9 05:48:31 AM UTC 2026
++ python /soalnas/share/data/zbao7/diffusion_policy/results/repro_halfcheetah/code/estimate_runtime.py
+ estimate=7407
+ python /soalnas/share/data/zbao7/diffusion_policy/results/repro_halfcheetah/code/supervise_run.py --run-id seed2 --timeout-seconds 8100 --estimate-seconds 7407 -- python script/run.py --config-dir=cfg/gym/finetune/halfcheetah-v2 --config-name=ft_ppo_diffusion_mlp train.n_train_itr=140 train.save_model_freq=35 seed=2 wandb=null
Gym has been unmaintained since 2022 and does not support NumPy 2.0 amongst other critical functionality.
Please upgrade to Gymnasium, the maintained drop-in replacement of Gym, or contact the authors of your software and request that they upgrade.
See the migration guide at https://gymnasium.farama.org/introduction/migration_guide/ for additional information.
[2026-10-08 22:48:39,812][absl][INFO] - MUJOCO_GL is not set, so an OpenGL backend will be chosen automatically.
/soalnas/share/data/zbao7/diffusion_policy/results/repro_halfcheetah/env/lib/python3.8/site-packages/glfw/__init__.py:917: GLFWError: (65550) b'X11: The DISPLAY environment variable is missing'
  warnings.warn(message, GLFWError)
[2026-10-08 22:48:39,827][absl][INFO] - Successfully imported OpenGL backend: glfw
[2026-10-08 22:48:39,909][absl][INFO] - MuJoCo library version is: 3.2.3
pybullet build time: Jan 29 2025 23:19:57
/soalnas/share/data/zbao7/diffusion_policy/results/repro_halfcheetah/env/lib/python3.8/site-packages/gym/spaces/box.py:78: UserWarning: [33mWARN: Box bound precision lowered by casting to float32[0m
  logger.warn(f"Box bound precision lowered by casting to {self.dtype}")
[2026-10-08 22:48:42,697][root][INFO] - Loaded SL-trained policy from /soalnas/share/data/zbao7/diffusion_policy/results/repro_halfcheetah/dppo/log/gym-pretrain/halfcheetah-medium-v2_pre_diffusion_mlp_ta4_td20/2024-06-12_23-04-42/checkpoint/state_3000.pt
[2026-10-08 22:48:42,697][root][INFO] - Number of network parameters: 568392
[2026-10-08 22:48:42,851][root][INFO] - Cloned 
