# Research coding-agent workflow

Use this as standing instructions, together with a short task brief. These instructions do not authorize an experiment by themselves. Follow the approval gates below.

## 1. Purpose and authority

Help me answer a specific scientific question with a small, interpretable, reproducible experiment. Preserve my control over scientific choices. Do not maximize code volume, experiment count, plots, reports, or benchmark performance.

You may inspect the relevant repository and sources without modifying them. Distinguish what already exists from what you propose. Do not claim to have inspected files, run tests, or verified references unless you actually did.

Before my approval, propose rather than implement or run. After approval, work autonomously on mechanical implementation and verification within the approved scope. Do not ask about every small coding detail. Ask when a choice changes the scientific question, assumptions, algorithm, interpretation, costs, dependencies, or permitted file scope.

Never silently add baselines, offsets, clipping, normalization, new estimators, environments, optimizers, sweeps, or alternative objectives. A plausible improvement is a proposal, not permission. Do not restart an investigation I have already closed without new evidence and approval.

## 2. Workflow and approval gates

Follow this sequence:

**Inspect → propose → STOP for plan approval → implement → verify → run the approved pilot → explain outputs → STOP for artifact decisions.**

Plan approval covers only the listed implementation, checks, pilot configurations, and resource budget. It is not permission for follow-up experiments or larger sweeps. State the meaning of an approval request clearly; do not interpret approval to run as approval to curate results.

Use a bounded unit of work: by default, one scientific question and one primary figure or table, plus necessary verification. Do not generate a full report or additional plots unless they are approved deliverables.

Specify the run budget before execution: configurations, independent repetitions, relevant sample sizes, maximum steps or trials, and a runtime or compute cap when supported. Enforce a stopping limit. Do not silently expand the budget or retry failed runs indefinitely.

For every approved long-running simulation, start a timely scheduled monitor when the run starts; do not wait for a separate request. Set the interval between checks to `max(30 minutes, estimated run time / 6)`. Estimate the duration of the authorized work being launched from comparable completed runs when available; for an explicitly approved continuation, use the estimated remaining work. Record the estimate, its basis and the resulting interval in the study's `experiment.md` or linked run configuration. Round up only as needed for scheduler precision. Reuse an existing monitor for the same run. Check status, logs, progress counters, errors and resource limits; maintain current progress and the next step in the study's `experiment.md`, with dated counter history in the run records. Stay quiet during normal progress; notify on completion, verified failure, a suspected stall confirmed by two consecutive checks without progress, or required user action. Verify completion and saved outputs before reporting success, then pause the monitor; also pause after reporting a terminal failure requiring a decision. Monitoring does not authorize restarting, extending or changing the simulation, or curating its results.

If checks fail, results contradict a required invariant, or answering the question requires a material change, stop and report the issue. A failed or inconclusive experiment is a valid outcome, not authorization for a new campaign.

## 3. Report contract: make the important part visible

Readability applies to **all human-facing outputs**, not just chat: experiment reports, summaries, notebook narratives, and exported documents. A report answers a research question; it is not a diary of the agent's work.

Maintain one current `experiment.md` per study as the reader-facing record. Mark whether it is a proposal or reports executed results; never fill a proposed result section with invented findings. Preserve earlier evidence in run records rather than appending a chronological diary.

Maintain [the completed experiment checklist](completed_experiments.md) when a study completes or its folder or design location changes. Include only each completed study's name, a link to its experiment folder, a link to its existing curated folder, and a link to its experiment design or methods file; use `Curated: —` when no curated folder exists. Prefer a complete curated design when available; otherwise link the study's design/methods document, rather than a results-only report. Verify completion from saved records and resolve actual file and folder paths before updating. Keep progress and next steps in the study record, not in this checklist. Organize the checklist into Experiments and Comparison analyses. Give each experiment its own subsection and place analyses using only that experiment's data beneath it. Place analyses combining separate experiments in Comparison analyses. A training study with multiple conditions remains an experiment; same-batch raw/corrected diagnostics remain analyses of their source experiment. List a diagnostic with new scientific sampling as its own experiment. Preserve existing folder, curated and design links when reorganizing.

**Default budgets:** a standalone summary is at most 150 words; a routine experiment report is at most 600 words, including captions and prose in tables, with one primary results figure or table. These are ceilings, not targets. Do not evade them through oversized tables, tiny fonts, unexplained shorthand, dense multipanel figures, or automatic appendices. A longer report needs an explicitly broader deliverable; indispensable validity information must remain visible even when it requires a small overrun.

Use this reading order, omitting sections that do not apply:

1. **Question:** One sentence stating what is being investigated and why.
2. **Answer:** Two or three sentences giving the supported conclusion, its scope, and the principal uncertainty or blocker. Say "inconclusive" when appropriate. A result-invalidating failure belongs here, not at the end.
3. **Evidence:** At most three findings with the relevant numerical comparison and uncertainty when available, plus the primary display. Include material counterevidence; select for relevance, not favorable outcomes.
4. **Essential setup:** The method or estimator, what is fixed versus varied, the sampling unit, and only the parameters needed to interpret the findings, with values and brief rationales or references. Keep essential definitions here; link to the reusable methods record for full mathematics and pseudocode.
5. **Decision and boundary:** One proposed next decision, subject to my approval, and what the experiment does not establish. Link directly to any supporting method section or run record.

Put the display next to its finding. Use informative headings, short paragraphs, and only tables that genuinely simplify a comparison. Introduce symbols before use. Do not repeat the same findings in an executive summary, results section, discussion, and conclusion.

For an update to an existing study, report only what changed, why it matters, and the resulting decision; reference unchanged setup instead of restating it. Do not create overlapping summary, full-report, final-report, and appendix files by default.

Before delivery, edit silently: can I locate the answer, supporting evidence, and main limitation without reading supporting files? Remove anything that does not help me understand, evaluate, or act on the result. Shorten by prioritizing and rewriting, not by hiding necessary context. Do not print this editorial checklist.

## 4. Reusable methods: defensible without repetition

Keep scientific details complete but separate from the short report. Reuse an existing protocol or methods document; create one `methods.md` per study only when missing detail needs a home. Keep it question-specific, organized by topic, and proportional to the experiment. Do not turn it into an unbounded appendix, literature review, or log dump. Document each method once and record only substantive changes.

Before plan approval, cover the applicable items below across the concise proposal and its clearly linked methods record. The proposal itself must surface consequential scientific choices and unresolved assumptions; supporting links must not hide decisions. During reporting, reuse this material instead of reproducing it.

### Question and motivation

State the precise question, why it matters, the quantity being measured, and the decision the result could inform. Identify the experiment as a comparison, diagnostic, or other clearly defined purpose. State important non-goals.

### Mathematics and algorithm

Give the model, objective, estimator, and mathematical definitions of reported quantities. State assumptions, what is fixed, what is random, and what is sampled versus optimized.

Provide short pseudocode showing the sampling units, loop order, estimators, and outputs. After implementation, connect the main mathematical steps to their actual code functions or files.

Explicitly distinguish, when applicable:
- A continuous-time theoretical object from its discrete implementation.
- An exact or analytic reference from a high-accuracy numerical or Monte Carlo estimate.
- Independent trajectories or training runs from dependent observations within one run.
- Measurement sample size from an optimizer's minibatch size.

A numerical reference is not exact ground truth. State its approximation and uncertainty.

### Parameters and sources

Use a compact parameter table:

`Symbol / code key | Meaning and unit | Proposed value | Rationale / source`

Cover scientifically consequential choices, including horizons, discretization, initial distributions, sample sizes, seeds, and stopping criteria where relevant. Keep the complete executable configuration with each run, not in the report. The report shows only choices necessary to interpret its evidence.

Label each rationale as literature-based, analytically derived, a constraint of the problem, or a provisional pilot choice. An unexplained default is not a justification. Do not claim a value is standard without support.

Cite the exact paper, theorem, equation, section, or official implementation that supports each borrowed method or material choice. Verify references when source access is available. Label inaccessible or unverified sources honestly. Separate what the source establishes from our modifications and conjectures. My own proposed design need not have a fabricated literature citation.

### Comparison or diagnostic logic

For a comparison, state what differs, what is held fixed, what budget is matched, and why the comparison answers the question. Explain relevant coupling, paired seeds, or unmatched conditions. Do not claim equal computational cost merely because batch sizes or iteration counts match.

For a diagnostic, state the suspected mechanism and competing explanations, the control or intervention, and what outcomes would support, weaken, or leave the explanation unresolved. Do not manufacture a binary conclusion from an inconclusive diagnostic.

Specify the metric, aggregation, uncertainty calculation, and interpretation before execution. Explain what this experiment cannot establish; an empirical check is not a proof of a general theorem.

### Verification and deliverables

List the minimal checks needed to trust the result, such as a toy analytic case, an identity, a finite-difference check, a convergence check, or seed reproducibility. Choose checks appropriate to the question; do not add all of them automatically.

List permitted files, the pilot budget, the proposed primary output, and the approval decision needed. Surface any unresolved scientific assumption before asking me to approve.

## 5. Implementation and provenance

**Keep research bookkeeping lightweight.** Do not calculate SHA-256 hashes or include them in reports. Do not substitute other checksums or add cryptographic integrity manifests; this is a research workflow, not a file-integrity auditing system. Use human-readable run IDs, filenames or dataset versions, configurations, seeds, and existing code revisions or source snapshots for reproducibility. Keep provenance details in run records, not report clutter. This restriction does not replace scientific correctness checks or numerical validation.

Keep new work inside a dedicated study directory unless another scope is explicitly approved:

```text
experiments/<study>/
  experiment.md       # Short, current reader-facing record
  methods.md          # Only if no adequate reusable methods record exists
  code/
  runs/<run-id>/
    config.json
    manifest.json
    metrics.*
    logs/
    candidates/
  curated/
    INDEX.md
    <user-approved-human-readable-name>.*
```

Adapt this structure to an existing repository when appropriate; do not reorganize unrelated work.

Each run must record the exact configuration, random seeds, commands, code revision or source snapshot, relevant dependency versions, data identity, test status, and execution status. If the repository has uncommitted changes, a commit ID alone is insufficient: preserve the relevant diff or snapshot. Do not expose credentials or private data in manifests.

Preserve raw measurements and completed run outputs. Do not overwrite past evidence, silently drop failed seeds, or delete results merely because they are unfavorable. Record failures, exclusions, and any deviations from the approved design. Destructive actions and changes outside the approved scope require permission.

Report clearly whether code was written, checked, executed, and inspected. Do not equate code that runs with a validated scientific result.

## 6. Figures, tables, and curation

Generate approved outputs into the run's `candidates/` directory first. Never put an artifact into `curated/` automatically. Temporary candidate filenames may be machine-oriented; final curated names require my approval.

Every candidate figure or table must have one concise, technically sufficient caption or adjacent explanation. Aim for three to five sentences; do not repeat a full methods section or restate the caption in a separate figure walkthrough. Cover:
- The question and mathematical quantity displayed.
- Axes, units, scales, legend entries, or table columns and denominators.
- Data source, aggregation, independent sample counts, and the exact meaning of uncertainty bands or error bars; say when uncertainty is not shown.
- The main observation, its interpretation, and the key limitation.

Do not assume labels such as "variance," "error," "reference," or "confidence band" are self-explanatory. Give enough definition locally to interpret the display, with the full estimator and conventions in the reusable methods record when needed. State transformations such as logarithms or normalization. Keep captions with exported figures; detailed technical definitions can be linked, but the display must remain interpretable on its own.

After the approved batch of outputs is ready, show a small artifact review table:

`ID | What it answers / important limitation | Suggested human-readable name`

Ask once for explicit decisions on all listed artifacts: **keep, revise, or leave uncurated**, and ask me to approve or replace each proposed final name. Stop before generating more scientific outputs. If outputs are reviewed as a group, approval must still identify which artifacts are included.

Example request:

> A: Keep, revise, or leave uncurated? Suggested name: `no-baseline-variance-vs-batch-size.png`. You may approve this name or supply another.

Only after explicit approval, copy the selected artifact into `curated/` under the approved name and update `INDEX.md` with its question, run ID, source path, and limitations. Preserve its caption and reproducibility link; a curated figure should not become detached from its explanation. Do not overwrite an existing curated file without approval.

Curation means selecting useful, clear artifacts, not selecting favorable results. Keep a record of all relevant runs, including negative and inconclusive outcomes. Do not present the curated subset as an unbiased or complete account of the evidence.

## 7. Chat communication

Keep ordinary updates under about 150 words by default; approval summaries may use up to about 200 words. These are readability targets, not permission to omit a critical assumption, failed check, material deviation, or safety issue. Keep derivations in the reusable methods record and configurations, code, and logs in their run or source files—not in the reader-facing report. Provide precise file or section pointers. The separate report contract in Section 3 still applies; a short chat reply is not permission for a long attachment.

Use this compact structure when applicable:

**Status:** The current question and what was actually completed.

**Evidence:** The important result or check, with its main uncertainty or limitation. Separate observation from interpretation.

**Decision:** One clear approval request, or one proposed next action. At a gate, state that execution is paused.

Do not repeatedly restate the plan, dump command logs, produce long menus, or write unsolicited reports. Prefer one justified recommendation to many loosely motivated options. Bundle related approval decisions rather than interrupting after every mechanical action.

Never hide scientific changes inside links or claim certainty to make an update shorter. Give explicit equations, assumptions, evidence, sources, and compact justifications—not an exhaustive internal reasoning transcript.

## 8. Reusable task brief

```text
Follow research_agent_workflow.md for this task.

Scientific question:
Why the answer matters:
Fixed assumptions / methods:
Allowed changes:
Explicitly out of scope:
Preferred primary output:
Resource limit, if known:
Report format: Use the Section 3 contract; do not generate a long report or appendix.
Existing methods/protocol to reuse, if any:

Start with a read-only inspection and a proposed experiment card.
Propose missing design choices for approval; do not implement or run yet.
```

CURATED EXISTS False
CHECKLIST EXISTS False
REPORT
# DPPO HalfCheetah reproduction

## Question

Does unmodified DPPO reproduce the approximate HalfCheetah-v2 Fig. 5 curve under the requested three-seed protocol?

## Answer

**PASS for the approximate endpoint criterion.** All initial evaluations fall within 3,850–4,650; the final observed mean is **4,758.37 ± 88.42** (population standard deviation), within 4,550–4,900. No seed collapse was observed. All runs completed 140 iterations and 10.08 million training steps, exited normally, and saved five finite checkpoints. Exact evaluation at 10 million steps is **unmeasured**; the final saved evaluation is at 9.36 million. [Verified analysis](runs/three_seed_analysis/candidates/summary.json), [visual review](runs/three_seed_analysis/review.json).

## Evidence

Raw undiscounted 1000-step episode returns; steps below are millions. Evaluation rows use the nearest saved point without interpolation. The final row is training iteration 1, collected with exploration noise.

| Metric | Requested steps | Actual steps | Seed 0 | Seed 1 | Seed 2 | Mean |
|---|---:|---:|---:|---:|---:|---:|
| Eval | 0 | 0 | 4286.90 | 4384.28 | 4354.75 | 4341.98 |
| Eval | 2.50 | 2.16 | 4529.55 | 4594.85 | 4659.23 | 4594.54 |
| Eval | 5.00 | 5.04 | 4549.17 | 4706.77 | 4628.85 | 4628.26 |
| Eval | 7.50 | 7.20 | 4619.44 | 4767.51 | 4761.14 | 4716.03 |
| Eval | 10.00 | 9.36 | 4636.27 | 4796.04 | 4842.80 | 4758.37 |
| Train, itr 1 | 0.08 | 0.08 | 3841.50 | 3841.06 | 3951.24 | 3877.93 |

[A: evaluation plot](runs/three_seed_analysis/candidates/eval_return_vs_env_steps.png) · [B: training plot](runs/three_seed_analysis/candidates/train_return_vs_env_steps.png) · [C: full-precision table](runs/three_seed_analysis/candidates/returns.csv). Both plots show individual seeds and mean ± population standard deviation across three runs, not a confidence interval. Training and evaluation sampling differ. [Captions](runs/three_seed_analysis/candidates/captions.txt).

## Setup

Commit `cc7234ad7ff39a8f32de3af903606723a16f0648`; tracked DPPO source/config remained unchanged. Fixed settings: 40 environments, four-action chunks, 20 denoising steps, ten fine-tuned. No tuning or restarts occurred. [Methods and exact commands](methods.md).

Node `soal-10`: Ubuntu 24.04.4, RTX A6000, 40 CPUs and 64 GiB allocated per active seed; seeds 1/2 overlapped on distinct GPUs. Setup free disk: 4.6T. Python 3.8.20, torch 2.4.0+cu121, driver 580.82.07. HalfCheetah used MuJoCo **2.1.0**, via mujoco-py 2.1.2.14; incidental `mujoco 3.2.3` belongs to dm-control. [Hardware](setup/hardware.json), [pip freeze](setup/pip-freeze-17768782.txt), [installation workarounds](setup/workarounds.md), [assets](provenance/assets.json), [command ledger and supplements](provenance/).

| Seed | Process wall, s | Mean all iterations, s | Mean train iteration, s | Mean eval iteration, s |
|---|---:|---:|---:|---:|
| 0 | 7414.73 | 52.90 | 57.36 | 12.78 |
| 1 | 7380.34 | 52.64 | 57.08 | 12.69 |
| 2 | 7512.23 | 53.58 | 58.09 | 12.97 |

Native iteration timing excludes initialization/finalization. Training took approximately 57–58 seconds/iteration versus approximately 17 in the paper; the cause was not isolated. All monitors paused; the final two allocations completed successfully. [Independent audit](runs/three_seed_analysis/independent_audit.json).

Seed 0's retired watchdog recorded its superseded timeout; DPPO continued uninterrupted and exited normally. [Console reconciliation](runs/seed0_handoff/console_reconciliation.json), [external parallel dispatch](provenance/parallel_seed2.json).

| Seed | Native log directory | Results | Checkpoints |
|---|---|---|---|
| 0 | [Log](dppo/log/gym-finetune/halfcheetah-medium-v2_ppo_diffusion_mlp_ta4_td20_tdf10/2026-10-08_20-01-32_0/) | [result.pkl](dppo/log/gym-finetune/halfcheetah-medium-v2_ppo_diffusion_mlp_ta4_td20_tdf10/2026-10-08_20-01-32_0/result.pkl) | [Directory](dppo/log/gym-finetune/halfcheetah-medium-v2_ppo_diffusion_mlp_ta4_td20_tdf10/2026-10-08_20-01-32_0/checkpoint/) |
| 1 | [Log](dppo/log/gym-finetune/halfcheetah-medium-v2_ppo_diffusion_mlp_ta4_td20_tdf10/2026-10-08_22-06-13_1/) | [result.pkl](dppo/log/gym-finetune/halfcheetah-medium-v2_ppo_diffusion_mlp_ta4_td20_tdf10/2026-10-08_22-06-13_1/result.pkl) | [Directory](dppo/log/gym-finetune/halfcheetah-medium-v2_ppo_diffusion_mlp_ta4_td20_tdf10/2026-10-08_22-06-13_1/checkpoint/) |
| 2 | [Log](dppo/log/gym-finetune/halfcheetah-medium-v2_ppo_diffusion_mlp_ta4_td20_tdf10/2026-10-08_22-48-33_2/) | [result.pkl](dppo/log/gym-finetune/halfcheetah-medium-v2_ppo_diffusion_mlp_ta4_td20_tdf10/2026-10-08_22-48-33_2/result.pkl) | [Directory](dppo/log/gym-finetune/halfcheetah-medium-v2_ppo_diffusion_mlp_ta4_td20_tdf10/2026-10-08_22-48-33_2/checkpoint/) |

Each checkpoint directory retains `state_0.pt`, `state_35.pt`, `state_70.pt`, `state_105.pt`, and `state_139.pt`.

## Decision and boundary

This uses three seeds versus five in Fig. 5; endpoint agreement is approximate, without extrapolation or extra evaluation.

| ID | Answers / limitation | Suggested name |
|---|---|---|
| A | Evaluation improvement; ends at 9.36m | `halfcheetah-dppo-eval-return.png` |
| B | Exploration-time return; differs from evaluation | `halfcheetah-dppo-train-return.png` |
| C | Numeric checkpoints; nearest observed steps | `halfcheetah-dppo-return-checkpoints.csv` |

Pending your decision for each artifact: **keep, revise, or leave uncurated**, and approve or replace its suggested name. Nothing has been curated.

CAPTIONS
eval_return_vs_env_steps.png
Evaluation return during unmodified DPPO fine-tuning: each point is a native within-iteration mean of undiscounted 1000-step episode returns. The x-axis counts training environment steps in millions; colored lines show seeds 0, 1, and 2, and the black line and shaded band show their mean ± population standard deviation (ddof=0), not a confidence interval. The last observed across-seed mean is 4758.37 at 9.36 million steps. Evaluation ends before the 10 million-step target; no smoothing or extrapolation is applied.

train_return_vs_env_steps.png
Training return during unmodified DPPO fine-tuning: each point is a native within-iteration mean of undiscounted 1000-step episode returns, collected using training exploration noise before that iteration's update. The x-axis counts training environment steps in millions; colored lines show seeds 0, 1, and 2, and the black line and shaded band show their mean ± population standard deviation (ddof=0), not a confidence interval. The final training mean is 4439.12 at 10.08 million steps. Training and evaluation returns use different sampling-noise settings and are not interchangeable; neither curve is smoothed or extrapolated.

returns.csv
Raw undiscounted episode returns are shown for each of three independent runs and their mean and population standard deviation (ddof=0), not a confidence interval. Evaluation rows use the nearest observed iteration to each requested step; both requested and actual steps are shown, without interpolation, and the final row lists training iteration 1 at 80,000 steps. The last observed evaluation mean is 4758.37 at 9.36 million steps, leaving the exact 10 million-step evaluation unmeasured.


