+ trap 'batch_rc=$?; printf "{\"exit_code\":%s,\"status\":\"terminal\"}\n" "$batch_rc" > "$REPRO_ROOT/runs/remaining_batch_status.json"' EXIT
+ python /soalnas/share/data/zbao7/diffusion_policy/results/repro_halfcheetah/code/run_logged.py --label seed0_console_reconciliation --timeout 120 --cwd /soalnas/share/data/zbao7/diffusion_policy/results/repro_halfcheetah/dppo -- python /soalnas/share/data/zbao7/diffusion_policy/results/repro_halfcheetah/code/adopt_running_run.py --reconcile-only
Seed0 handoff reconciliation PASSED; verified DPPO exit 0 and complete finite stream.
+ python -
Verified seed 0; starting only the two remaining authorized seeds.
+ printf '{"status":"running"}\n'
+ nvidia-smi
Thu Oct  8 22:06:11 2026       
+-----------------------------------------------------------------------------------------+
| NVIDIA-SMI 580.82.07              Driver Version: 580.82.07      CUDA Version: 13.0     |
+-----------------------------------------+------------------------+----------------------+
| GPU  Name                 Persistence-M | Bus-Id          Disp.A | Volatile Uncorr. ECC |
| Fan  Temp   Perf          Pwr:Usage/Cap |           Memory-Usage | GPU-Util  Compute M. |
|                                         |                        |               MIG M. |
|=========================================+========================+======================|
|   0  NVIDIA RTX A6000               On  |   00000000:C1:00.0 Off |                  Off |
| 30%   39C    P8             20W /  300W |       1MiB /  49140MiB |      0%      Default |
|                                         |                        |                  N/A |
+-----------------------------------------+------------------------+----------------------+

+-----------------------------------------------------------------------------------------+
| Processes:                                                                              |
|  GPU   GI   CI              PID   Type   Process name                        GPU Memory |
|        ID   ID                                                               Usage      |
|=========================================================================================|
|  No running processes found                                                             |
+-----------------------------------------------------------------------------------------+
+ nproc
40
+ for seed in 1 2
++ python /soalnas/share/data/zbao7/diffusion_policy/results/repro_halfcheetah/code/estimate_runtime.py
+ estimate=7407
+ python /soalnas/share/data/zbao7/diffusion_policy/results/repro_halfcheetah/code/supervise_run.py --run-id seed1 --timeout-seconds 8100 --estimate-seconds 7407 -- python script/run.py --config-dir=cfg/gym/finetune/halfcheetah-v2 --config-name=ft_ppo_diffusion_mlp train.n_train_itr=140 train.save_model_freq=35 seed=1 wandb=null
Gym has been unmaintained since 2022 and does not support NumPy 2.0 amongst other critical functionality.
Please upgrade to Gymnasium, the maintained drop-in replacement of Gym, or contact the authors of your software and request that they upgrade.
See the migration guide at https://gymnasium.farama.org/introduction/migration_guide/ for additional information.
[2026-10-08 22:06:19,495][absl][INFO] - MUJOCO_GL is not set, so an OpenGL backend will be chosen automatically.
/soalnas/share/data/zbao7/diffusion_policy/results/repro_halfcheetah/env/lib/python3.8/site-packages/glfw/__init__.py:917: GLFWError: (65550) b'X11: The DISPLAY environment variable is missing'
  warnings.warn(message, GLFWError)
[2026-10-08 22:06:19,512][absl][INFO] - Successfully imported OpenGL backend: glfw
[2026-10-08 22:06:19,601][absl][INFO] - MuJoCo library version is: 3.2.3
pybullet build time: Jan 29 2025 23:19:57
/soalnas/share/data/zbao7/diffusion_policy/results/repro_halfcheetah/env/lib/python3.8/site-packages/gym/spaces/box.py:78: UserWarning: [33mWARN: Box bound precision lowered by casting to float32[0m
  logger.warn(f"Box bound precision lowered by casting to {self.dtype}")
[2026-10-08 22:06:22,882][root][INFO] - Loaded SL-trained policy from /soalnas/share/data/zbao7/diffusion_policy/results/repro_halfcheetah/dppo/log/gym-pretrain/halfcheetah-medium-v2_pre_diffusion_mlp_ta4_td20/2024-06-12_23-04-42/checkpoint/state_3000.pt
[2026-10-08 22:06:22,882][root][INFO] - Number of network parameters: 568392
[2026-10-08 22:06:23,004][root][INFO] - Cloned model for fine-tuning
[2026-10-08 22:06:23,004][root][INFO] - Turned off gradients of the pretrained network
[2026-10-08 22:06:23,004][root][INFO] - Number of finetuned parameters: 568392
Processed step 0 of 500
Processed step 10 of 500
Processed step 20 of 500
Processed step 30 of 500
Processed step 40 of 500
Processed step 50 of 500
Processed step 60 of 500
Processed step 70 of 500
Processed step 80 of 500
Processed step 90 of 500
Processed step 100 of 500
Processed step 110 of 500
Processed step 120 of 500
Processed step 130 of 500
Processed step 140 of 500
Processed step 150 of 500
Processed step 160 of 500
Processed step 170 of 500
Processed step 180 of 500
Processed step 190 of 500
Processed step 200 of 500
