date_epoch: 4, num_batch: 4
[2026-10-09 00:51:48,285][agent.finetune.train_ppo_diffusion_agent][INFO] - 137: step  9920000 | loss   0.0586 | pg loss  -0.0005 | value loss   0.1183 | bc loss   0.0000 | reward 4568.0009 | eta   1.0000 | t: 57.8174
Processed step 0 of 500
Processed step 10 of 500
Processed step 20 of 500
Processed step 30 of 500
Processed step 40 of 500
Processed step 50 of 500
Processed step 60 of 500
Processed step 70 of 500
Processed step 80 of 500
Processed step 90 of 500
Processed step 100 of 500
Processed step 110 of 500
Processed step 120 of 500
Processed step 130 of 500
Processed step 140 of 500
Processed step 150 of 500
Processed step 160 of 500
Processed step 170 of 500
Processed step 180 of 500
Processed step 190 of 500
Processed step 200 of 500
Processed step 210 of 500
Processed step 220 of 500
Processed step 230 of 500
Processed step 240 of 500
Processed step 250 of 500
Processed step 260 of 500
Processed step 270 of 500
Processed step 280 of 500
Processed step 290 of 500
Processed step 300 of 500
Processed step 310 of 500
Processed step 320 of 500
Processed step 330 of 500
Processed step 340 of 500
Processed step 350 of 500
Processed step 360 of 500
Processed step 370 of 500
Processed step 380 of 500
Processed step 390 of 500
Processed step 400 of 500
Processed step 410 of 500
Processed step 420 of 500
Processed step 430 of 500
Processed step 440 of 500
Processed step 450 of 500
Processed step 460 of 500
Processed step 470 of 500
Processed step 480 of 500
Processed step 490 of 500
[2026-10-09 00:52:03,359][agent.finetune.train_ppo_diffusion_agent][INFO] - approx_kl: 0.0, update_epoch: 0, num_batch: 4
[2026-10-09 00:52:05,506][agent.finetune.train_ppo_diffusion_agent][INFO] - approx_kl: 1.951220269802434e-07, update_epoch: 0, num_batch: 4
[2026-10-09 00:52:07,753][agent.finetune.train_ppo_diffusion_agent][INFO] - approx_kl: 6.62312572785595e-07, update_epoch: 0, num_batch: 4
[2026-10-09 00:52:10,088][agent.finetune.train_ppo_diffusion_agent][INFO] - approx_kl: 1.314344103775511e-06, update_epoch: 0, num_batch: 4
[2026-10-09 00:52:12,235][agent.finetune.train_ppo_diffusion_agent][INFO] - approx_kl: 2.3265863546839682e-06, update_epoch: 1, num_batch: 4
[2026-10-09 00:52:14,453][agent.finetune.train_ppo_diffusion_agent][INFO] - approx_kl: 3.583331590562011e-06, update_epoch: 1, num_batch: 4
[2026-10-09 00:52:16,693][agent.finetune.train_ppo_diffusion_agent][INFO] - approx_kl: 5.159339707461186e-06, update_epoch: 1, num_batch: 4
[2026-10-09 00:52:19,064][agent.finetune.train_ppo_diffusion_agent][INFO] - approx_kl: 6.633707016590051e-06, update_epoch: 1, num_batch: 4
[2026-10-09 00:52:21,274][agent.finetune.train_ppo_diffusion_agent][INFO] - approx_kl: 7.971509148774203e-06, update_epoch: 2, num_batch: 4
[2026-10-09 00:52:23,535][agent.finetune.train_ppo_diffusion_agent][INFO] - approx_kl: 8.926023838284891e-06, update_epoch: 2, num_batch: 4
[2026-10-09 00:52:25,802][agent.finetune.train_ppo_diffusion_agent][INFO] - approx_kl: 9.490983757132199e-06, update_epoch: 2, num_batch: 4
[2026-10-09 00:52:28,163][agent.finetune.train_ppo_diffusion_agent][INFO] - approx_kl: 9.810004485188983e-06, update_epoch: 2, num_batch: 4
[2026-10-09 00:52:30,339][agent.finetune.train_ppo_diffusion_agent][INFO] - approx_kl: 1.0422560990264174e-05, update_epoch: 3, num_batch: 4
[2026-10-09 00:52:32,604][agent.finetune.train_ppo_diffusion_agent][INFO] - approx_kl: 1.1259577149758115e-05, update_epoch: 3, num_batch: 4
[2026-10-09 00:52:34,855][agent.finetune.train_ppo_diffusion_agent][INFO] - approx_kl: 1.2230999345774762e-05, update_epoch: 3, num_batch: 4
[2026-10-09 00:52:37,198][agent.finetune.train_ppo_diffusion_agent][INFO] - approx_kl: 1.310927837039344e-05, update_epoch: 3, num_batch: 4
[2026-10-09 00:52:39,360][agent.finetune.train_ppo_diffusion_agent][INFO] - approx_kl: 1.3953883353678975e-05, update_epoch: 4, num_batch: 4
[2026-10-09 00:52:41,615][agent.finetune.train_ppo_diffusion_agent][INFO] - approx_kl: 1.4783768165216316e-05, update_epoch: 4, num_batch: 4
[2026-10-09 00:52:43,868][agent.finetune.train_ppo_diffusion_agent][INFO] - approx_kl: 1.5491415979340672e-05, update_epoch: 4, num_batch: 4
[2026-10-09 00:52:46,214][agent.finetune.train_ppo_diffusion_agent][INFO] - approx_kl: 1.5778323358972557e-05, update_epoch: 4, num_batch: 4
[2026-10-09 00:52:46,220][agent.finetune.train_ppo_diffusion_agent][INFO] - 138: step 10000000 | loss   0.0571 | pg loss  -0.0005 | value loss   0.1152 | bc loss   0.0000 | reward 4548.0450 | eta   1.0000 | t: 57.9353
Processed step 0 of 500
Processed step 10 of 500
Processed step 20 of 500
Processed step 30 of 500
Processed step 40 of 500
Processed step 50 of 500
Processed step 60 of 500
Processed step 70 of 500
Processed step 80 of 500
Processed step 90 of 500
Processed step 100 of 500
Processed step 110 of 500
Processed step 120 of 500
Processed step 130 of 500
Processed step 140 of 500
Processed step 150 of 500
Processed step 160 of 500
Processed step 170 of 500
Processed step 180 of 500
Processed step 190 of 500
Processed step 200 of 500
Processed step 210 of 500
Processed step 220 of 500
Processed step 230 of 500
Processed step 240 of 500
Processed step 250 of 500
Processed step 260 of 500
Processed step 270 of 500
Processed step 280 of 500
Processed step 290 of 500
Processed step 300 of 500
Processed step 310 of 500
Processed step 320 of 500
Processed step 330 of 500
Processed step 340 of 500
Processed step 350 of 500
Processed step 360 of 500
Processed step 370 of 500
Processed step 380 of 500
Processed step 390 of 500
Processed step 400 of 500
Processed step 410 of 500
Processed step 420 of 500
Processed step 430 of 500
Processed step 440 of 500
Processed step 450 of 500
Processed step 460 of 500
Processed step 470 of 500
Processed step 480 of 500
Processed step 490 of 500
[2026-10-09 00:53:00,997][agent.finetune.train_ppo_diffusion_agent][INFO] - approx_kl: 0.0, update_epoch: 0, num_batch: 4
[2026-10-09 00:53:03,229][agent.finetune.train_ppo_diffusion_agent][INFO] - approx_kl: 1.4432471573400107e-07, update_epoch: 0, num_batch: 4
[2026-10-09 00:53:05,436][agent.finetune.train_ppo_diffusion_agent][INFO] - approx_kl: 5.278852768242359e-07, update_epoch: 0, num_batch: 4
[2026-10-09 00:53:07,786][agent.finetune.train_ppo_diffusion_agent][INFO] - approx_kl: 1.2135909628341324e-06, update_epoch: 0, num_batch: 4
[2026-10-09 00:53:09,950][agent.finetune.train_ppo_diffusion_agent][INFO] - approx_kl: 2.1747810023953207e-06, update_epoch: 1, num_batch: 4
[2026-10-09 00:53:12,202][agent.finetune.train_ppo_diffusion_agent][INFO] - approx_kl: 4.001147317467257e-06, update_epoch: 1, num_batch: 4
[2026-10-09 00:53:14,458][agent.finetune.train_ppo_diffusion_agent][INFO] - approx_kl: 6.3954780671338085e-06, update_epoch: 1, num_batch: 4
[2026-10-09 00:53:16,813][agent.finetune.train_ppo_diffusion_agent][INFO] - approx_kl: 8.709381290827878e-06, update_epoch: 1, num_batch: 4
[2026-10-09 00:53:18,979][agent.finetune.train_ppo_diffusion_agent][INFO] - approx_kl: 1.0212149391009007e-05, update_epoch: 2, num_batch: 4
[2026-10-09 00:53:21,209][agent.finetune.train_ppo_diffusion_agent][INFO] - approx_kl: 1.1438009096309543e-05, update_epoch: 2, num_batch: 4
[2026-10-09 00:53:23,478][agent.finetune.train_ppo_diffusion_agent][INFO] - approx_kl: 1.1734766303561628e-05, update_epoch: 2, num_batch: 4
[2026-10-09 00:53:25,833][agent.finetune.train_ppo_diffusion_agent][INFO] - approx_kl: 1.1656944479909725e-05, update_epoch: 2, num_batch: 4
[2026-10-09 00:53:28,000][agent.finetune.train_ppo_diffusion_agent][INFO] - approx_kl: 1.1808165254478808e-05, update_epoch: 3, num_batch: 4
[2026-10-09 00:53:30,250][agent.finetune.train_ppo_diffusion_agent][INFO] - approx_kl: 1.2172313290648162e-05, update_epoch: 3, num_batch: 4
[2026-10-09 00:53:32,500][agent.finetune.train_ppo_diffusion_agent][INFO] - approx_kl: 1.3011826922593173e-05, update_epoch: 3, num_batch: 4
[2026-10-09 00:53:34,847][agent.finetune.train_ppo_diffusion_agent][INFO] - approx_kl: 1.3433686945063528e-05, update_epoch: 3, num_batch: 4
[2026-10-09 00:53:37,018][agent.finetune.train_ppo_diffusion_agent][INFO] - approx_kl: 1.3740508620685432e-05, update_epoch: 4, num_batch: 4
[2026-10-09 00:53:39,272][agent.finetune.train_ppo_diffusion_agent][INFO] - approx_kl: 1.4463393199548591e-05, update_epoch: 4, num_batch: 4
[2026-10-09 00:53:41,521][agent.finetune.train_ppo_diffusion_agent][INFO] - approx_kl: 1.5226314644678496e-05, update_epoch: 4, num_batch: 4
[2026-10-09 00:53:43,903][agent.finetune.train_ppo_diffusion_agent][INFO] - approx_kl: 1.6177720681298524e-05, update_epoch: 4, num_batch: 4
[2026-10-09 00:53:43,944][agent.finetune.train_agent][INFO] - Saved model to /soalnas/share/data/zbao7/diffusion_policy/results/repro_halfcheetah/dppo/log/gym-finetune/halfcheetah-medium-v2_ppo_diffusion_mlp_ta4_td20_tdf10/2026-10-08_22-48-33_2/checkpoint/state_139.pt
[2026-10-09 00:53:43,944][agent.finetune.train_ppo_diffusion_agent][INFO] - 139: step 10080000 | loss   0.0564 | pg loss  -0.0005 | value loss   0.1138 | bc loss   0.0000 | reward 4500.8312 | eta   1.0000 | t: 57.7236
Supervisor seed2: complete. Monitor paused. Record: /soalnas/share/data/zbao7/diffusion_policy/results/repro_halfcheetah/runs/seed2/manifest.json
+ git diff --exit-code HEAD --
+ python /soalnas/share/data/zbao7/diffusion_policy/results/repro_halfcheetah/code/finalize_candidates.py
Validated all three runs; wrote two plots and one table to /soalnas/share/data/zbao7/diffusion_policy/results/repro_halfcheetah/runs/three_seed_analysis/candidates
The prescribed 140 iterations finish at 10,080,000 training steps, but the last evaluation is iteration 130 at 9,360,000 steps. No evaluation at 10,000,000 steps is available; the final evaluation comparison uses the last observed point without extrapolation.
Numeric interval checks: PASS; no-collapse criterion requires review.
+ date -u
Fri Oct  9 07:53:55 AM UTC 2026
+ batch_rc=0
+ printf '{"exit_code":%s,"status":"terminal"}\n' 0

candidates [PosixPath('results/repro_halfcheetah/runs/three_seed_analysis/candidates'), PosixPath('results/repro_halfcheetah/runs/three_seed_analysis/candidates/summary.json'), PosixPath('results/repro_halfcheetah/runs/three_seed_analysis/candidates/eval_return_vs_env_steps.png'), PosixPath('results/repro_halfcheetah/runs/three_seed_analysis/candidates/returns.csv'), PosixPath('results/repro_halfcheetah/runs/three_seed_analysis/candidates/captions.txt'), PosixPath('results/repro_halfcheetah/runs/three_seed_analysis/candidates/train_return_vs_env_steps.png')]
#!/usr/bin/env python3
"""Produce only the approved two plots and return table after three verified seeds."""
import json
import os
import datetime as dt
import time
import subprocess
import sys
from pathlib import Path

root = Path(__file__).resolve().parents[1]
parallel_path = root / "provenance/parallel_seed2.json"
if parallel_path.exists():
    parallel = json.loads(parallel_path.read_text())
    job = os.environ.get("SLURM_JOB_ID")
    if parallel.get("status") != "assigned":
        raise RuntimeError("Parallel seed 2 assignment is not ready")
    if job == str(parallel["original_job_id"]):
        print("Candidate analysis is assigned to parallel job %s." % parallel["parallel_job_id"])
        sys.exit(0)
    if job != str(parallel["parallel_job_id"]):
        raise RuntimeError("Only the assigned parallel job may finalize candidates")
    # Usually seed 1 finishes first. Respect its existing deadline if it does not.
    while True:
        first = json.loads((root / "runs/seed1/manifest.json").read_text())
        if first.get("status") == "complete":
            break
        if first.get("status") not in ("running", "starting"):
            raise RuntimeError("Seed 1 did not complete successfully")
        deadline = dt.datetime.fromisoformat(first["deadline_utc"]).timestamp()
        if time.time() >= deadline:
            raise RuntimeError("Seed 1 has not completed within its approved deadline")
        time.sleep(1)
command = [sys.executable, str(root / "code/analyze_results.py")]
for seed, run_id in enumerate(("seed0_handoff", "seed1", "seed2")):
    manifest = json.loads((root / "runs" / run_id / "manifest.json").read_text())
    if (manifest.get("status") != "complete" or manifest.get("verified_rows") != 140
            or manifest.get("checkpoint_tensors_finite") is not True
            or manifest.get("final_training_env_steps") != 10080000):
        raise RuntimeError("Seed %d has not passed full verification" % seed)
    command += ["--seed%d" % seed, manifest["result_path"]]
command += ["--output-dir", str(root / "runs/three_seed_analysis/candidates")]
subprocess.run([sys.executable, str(root / "code/run_logged.py"),
                "--label", "approved_three_seed_analysis", "--timeout", "180",
                "--cwd", str(root), "--"] + command, check=True)

