Obtaining file:///soalnas/share/data/zbao7/diffusion_policy/results/repro_halfcheetah/dppo
  Installing build dependencies: started
  Installing build dependencies: finished with status 'done'
  Checking if build backend supports build_editable: started
  Checking if build backend supports build_editable: finished with status 'done'
  Getting requirements to build editable: started
  Getting requirements to build editable: finished with status 'done'
  Preparing editable metadata (pyproject.toml): started
  Preparing editable metadata (pyproject.toml): finished with status 'done'
Collecting av==12.3.0 (from dppo==0.8.0)
  Downloading av-12.3.0-cp38-cp38-manylinux_2_17_x86_64.manylinux2014_x86_64.whl.metadata (4.6 kB)
Collecting einops==0.8.0 (from dppo==0.8.0)
  Downloading einops-0.8.0-py3-none-any.whl.metadata (12 kB)
Collecting gdown==5.2.0 (from dppo==0.8.0)
  Downloading gdown-5.2.0-py3-none-any.whl.metadata (5.8 kB)
Collecting gym==0.22.0 (from dppo==0.8.0)
  Downloading gym-0.22.0.tar.gz (631 kB)
     ━━━━━━━━━━━━━━━━━━━━━━━━━━━━━━━━━━━━━━ 631.1/631.1 kB 15.2 MB/s eta 0:00:00
  Installing build dependencies: started
  Installing build dependencies: finished with status 'done'
  Getting requirements to build wheel: started
  Getting requirements to build wheel: finished with status 'done'
  Preparing metadata (pyproject.toml): started
  Preparing metadata (pyproject.toml): finished with status 'done'
Collecting hydra-core==1.3.2 (from dppo==0.8.0)
  Downloading hydra_core-1.3.2-py3-none-any.whl.metadata (5.5 kB)
Collecting imageio==2.35.1 (from dppo==0.8.0)
  Downloading imageio-2.35.1-py3-none-any.whl.metadata (4.9 kB)
Collecting matplotlib==3.7.5 (from dppo==0.8.0)
  Downloading matplotlib-3.7.5-cp38-cp38-manylinux_2_12_x86_64.manylinux2010_x86_64.whl.metadata (5.7 kB)
Collecting omegaconf==2.3.0 (from dppo==0.8.0)
  Downloading omegaconf-2.3.0-py3-none-any.whl.metadata (3.9 kB)
Collecting pretty-errors==1.2.25 (from dppo==0.8.0)
  Downloading pretty_errors-1.2.25-py3-none-any.whl.metadata (12 kB)
Collecting torch==2.4.0 (from dppo==0.8.0)
  Downloading torch-2.4.0-cp38-cp38-manylinux1_x86_64.whl.metadata (26 kB)
Collecting tqdm==4.66.5 (from dppo==0.8.0)
  Downloading tqdm-4.66.5-py3-none-any.whl.metadata (57 kB)
Collecting wandb==0.17.7 (from dppo==0.8.0)
  Downloading wandb-0.17.7-py3-none-manylinux_2_17_x86_64.manylinux2014_x86_64.whl.metadata (10 kB)
Collecting beautifulsoup4 (from gdown==5.2.0->dppo==0.8.0)
  Downloading beautifulsoup4-4.15.0-py3-none-any.whl.metadata (3.8 kB)
Collecting filelock (from gdown==5.2.0->dppo==0.8.0)
  Downloading filelock-3.16.1-py3-none-any.whl.metadata (2.9 kB)
Collecting requests[socks] (from gdown==5.2.0->dppo==0.8.0)
  Downloading requests-2.32.4-py3-none-any.whl.metadata (4.9 kB)
Collecting numpy>=1.18.0 (from gym==0.22.0->dppo==0.8.0)
  Downloading numpy-1.24.4-cp38-cp38-manylinux_2_17_x86_64.manylinux2014_x86_64.whl.metadata (5.6 kB)
Collecting cloudpickle>=1.2.0 (from gym==0.22.0->dppo==0.8.0)
  Downloading cloudpickle-3.1.2-py3-none-any.whl.metadata (7.1 kB)
Collecting gym-notices>=0.0.4 (from gym==0.22.0->dppo==0.8.0)
  Downloading gym_notices-0.1.0-py3-none-any.whl.metadata (1.2 kB)
Collecting importlib-metadata>=4.10.0 (from gym==0.22.0->dppo==0.8.0)
  Downloading importlib_metadata-8.5.0-py3-none-any.whl.metadata (4.8 kB)
Collecting antlr4-python3-runtime==4.9.* (from hydra-core==1.3.2->dppo==0.8.0)
  Downloading antlr4-python3-runtime-4.9.3.tar.gz (117 kB)
  Preparing metadata (setup.py): started
  Preparing metadata (setup.py): finished with status 'done'
Collecting packaging (from hydra-core==1.3.2->dppo==0.8.0)
  Downloading packaging-26.2-py3-none-any.whl.metadata (3.5 kB)
Collecting importlib-resources (from hydra-core==1.3.2->dppo==0.8.0)
  Downloading importlib_resources-6.4.5-py3-none-any.whl.metadata (4.0 kB)
Collecting pillow>=8.3.2 (from imageio==2.35.1->dppo==0.8.0)
  Downloading pillow-10.4.0-cp38-cp38-manylinux_2_28_x86_64.whl.metadata (9.2 kB)
Collecting contourpy>=1.0.1 (from matplotlib==3.7.5->dppo==0.8.0)
  Downloading contourpy-1.1.1-cp38-cp38-manylinux_2_17_x86_64.manylinux2014_x86_64.whl.metadata (5.9 kB)
Collecting cycler>=0.10 (from matplotlib==3.7.5->dppo==0.8.0)
  Downloading cycler-0.12.1-py3-none-any.whl.metadata (3.8 kB)
Collecting fonttools>=4.22.0 (from matplotlib==3.7.5->dppo==0.8.0)
  Downloading fonttools-4.57.0-cp38-cp38-manylinux_2_17_x86_64.manylinux2014_x86_64.whl.metadata (102 kB)
Collecting kiwisolver>=1.0.1 (from matplotlib==3.7.5->dppo==0.8.0)
  Downloading kiwisolver-1.4.7-cp38-cp38-manylinux_2_5_x86_64.manylinux1_x86_64.whl.metadata (6.3 kB)
Collecting pyparsing>=2.3.1 (from matplotlib==3.7.5->dppo==0.8.0)
  Downloading pyparsing-3.1.4-py3-none-any.whl.metadata (5.1 kB)
Collecting python-dateutil>=2.7 (from matplotlib==3.7.5->dppo==0.8.0)
  Downloading python_dateutil-2.9.0.post0-py2.py3-none-any.whl.metadata (8.4 kB)
Collecting PyYAML>=5.1.0 (from omegaconf==2.3.0->dppo==0.8.0)
  Downloading PyYAML-6.0.3-cp38-cp38-manylinux2014_x86_64.manylinux_2_17_x86_64.manylinux_2_28_x86_64.whl.metadata (2.1 kB)
Collecting colorama (from pretty-errors==1.2.25->dppo==0.8.0)
  Downloading colorama-0.4.6-py2.py3-none-any.whl.metadata (17 kB)
Collecting typing-extensions>=4.8.0 (from torch==2.4.0->dppo==0.8.0)
  Downloading typing_extensions-4.13.2-py3-none-any.whl.metadata (3.0 kB)
Collecting sympy (from torch==2.4.0->dppo==0.8.0)
  Downloading sympy-1.13.3-py3-none-any.whl.metadata (12 kB)
Collecting networkx (from torch==2.4.0->dppo==0.8.0)
  Downloading networkx-3.1-py3-none-any.whl.metadata (5.3 kB)
Collecting jinja2 (from torch==2.4.0->dppo==0.8.0)
  Downloading jinja2-3.1.6-py3-none-any.whl.metadata (2.9 kB)
Collecting fsspec (from torch==2.4.0->dppo==0.8.0)
  Downloading fsspec-2025.3.0-py3-none-any.whl.metadata (11 kB)
Collecting nvidia-cuda-nvrtc-cu12==12.1.105 (from torch==2.4.0->dppo==0.8.0)
  Downloading nvidia_cuda_nvrtc_cu12-12.1.105-py3-none-manylinux1_x86_64.whl.metadata (1.5 kB)
Collecting nvidia-cuda-runtime-cu12==12.1.105 (from torch==2.4.0->dppo==0.8.0)
  Downloading nvidia_cuda_runtime_cu12-12.1.105-py3-none-manylinux1_x86_64.whl.metadata (1.5 kB)
Collecting nvidia-cuda-cupti-cu12==12.1.105 (from torch==2.4.0->dppo==0.8.0)
  Downloading nvidia_cuda_cupti_cu12-12.1.105-py3-none-manylinux1_x86_64.whl.metadata (1.6 kB)
Collecting nvidia-cudnn-cu12==9.1.0.70 (from torch==2.4.0->dppo==0.8.0)
  Downloading nvidia_cudnn_cu12-9.1.0.70-py3-none-manylinux2014_x86_64.whl.metadata (1.6 kB)
Collecting nvidia-cublas-cu12==12.1.3.1 (from torch==2.4.0->dppo==0.8.0)
  Downloading nvidia_cublas_cu12-12.1.3.1-py3-none-manylinux1_x86_64.whl.metadata (1.5 kB)
Collecting nvidia-cufft-cu12==11.0.2.54 (from torch==2.4.0->dppo==0.8.0)
  Downloading nvidia_cufft_cu12-11.0.2.54-py3-none-manylinux1_x86_64.whl.metadata (1.5 kB)
Collecting nvidia-curand-cu12==10.3.2.106 (from torch==2.4.0->dppo==0.8.0)
  Downloading nvidia_curand_cu12-10.3.2.106-py3-none-manylinux1_x86_64.whl.metadata (1.5 kB)
Collecting nvidia-cusolver-cu12==11.4.5.107 (from torch==2.4.0->dppo==0.8.0)
  Downloading nvidia_cusolver_cu12-11.4.5.107-py3-none-manylinux1_x86_64.whl.metadata (1.6 kB)
Collecting nvidia-cusparse-cu12==12.1.0.106 (from torch==2.4.0->dppo==0.8.0)
  Downloading nvidia_cusparse_cu12-12.1.0.106-py3-none-manylinux1_x86_64.whl.metadata (1.6 kB)
Collecting nvidia-nccl-cu12==2.20.5 (from torch==2.4.0->dppo==0.8.0)
  Downloading nvidia_nccl_cu12-2.20.5-py3-none-manylinux2014_x86_64.whl.metadata (1.8 kB)
Collecting nvidia-nvtx-cu12==12.1.105 (from torch==2.4.0->dppo==0.8.0)
  Downloading nvidia_nvtx_cu12-12.1.105-py3-none-manylinux1_x86_64.whl.metadata (1.7 kB)
Collecting triton==3.0.0 (from torch==2.4.0->dppo==0.8.0)
  Downloading triton-3.0.0-1-cp38-cp38-manylinux2014_x86_64.manylinux_2_17_x86_64.whl.metadata (1.3 kB)
Collecting click!=8.0.0,>=7.1 (from wandb==0.17.7->dppo==0.8.0)
  Downloading click-8.1.8-py3-none-any.whl.metadata (2.3 kB)
Collecting docker-pycreds>=0.4.0 (from wandb==0.17.7->dppo==0.8.0)
  Downloading docker_pycreds-0.4.0-py2.py3-none-any.whl.metadata (1.8 kB)
Collecting gitpython!=3.1.29,>=1.0.0 (from wandb==0.17.7->dppo==0.8.0)
  Downloading gitpython-3.2.0-py3-none-any.whl.metadata (13 kB)
Collecting platformdirs (from wandb==0.17.7->dppo==0.8.0)
  Downloading platformdirs-4.3.6-py3-none-any.whl.metadata (11 kB)
Collecting protobuf!=4.21.0,<6,>=3.12.0 (from wandb==0.17.7->dppo==0.8.0)
  Downloading protobuf-5.29.6-cp38-abi3-manylinux2014_x86_64.whl.metadata (592 bytes)
Collecting psutil>=5.0.0 (from wandb==0.17.7->dppo==0.8.0)
  Downloading psutil-7.2.2-cp36-abi3-manylinux2010_x86_64.manylinux_2_12_x86_64.manylinux_2_28_x86_64.whl.metadata (22 kB)
Collecting sentry-sdk>=1.0.0 (from wandb==0.17.7->dppo==0.8.0)
  Downloading sentry_sdk-2.71.0-py3-none-any.whl.metadata (11 kB)
Collecting setproctitle (from wandb==0.17.7->dppo==0.8.0)
  Downloading setproctitle-1.3.8.tar.gz (27 kB)
  Installing build dependencies: started
  Installing build dependencies: finished with status 'done'
  Getting requirements to build wheel: started
  Getting requirements to build wheel: finished with status 'done'
  Preparing metadata (pyproject.toml): started
  Preparing metadata (pyproject.toml): finished with status 'done'
Requirement already satisfied: setuptools in /soalnas/share/data/zbao7/diffusion_policy/results/repro_halfcheetah/env/lib/python3.8/site-packages (from wandb==0.17.7->dppo==0.8.0) (75.3.0)
Collecting nvidia-nvjitlink-cu12 (from nvidia-cusolver-cu12==11.4.5.107->torch==2.4.0->dppo==0.8.0)
  Downloading nvidia_nvjitlink_cu12-12.9.86-py3-none-manylinux2010_x86_64.manylinux_2_12_x86_64.whl.metadata (1.7 kB)
Collecting six>=1.4.0 (from docker-pycreds>=0.4.0->wandb==0.17.7->dppo==0.8.0)
  Downloading six-1.17.0-py2.py3-none-any.whl.metadata (1.7 kB)
Collecting gitdb<5,>=4.0.1 (from gitpython!=3.1.29,>=1.0.0->wandb==0.17.7->dppo==0.8.0)
  Downloading gitdb-4.0.12-py3-none-any.whl.metadata (1.2 kB)
Collecting zipp>=3.20 (from importlib-metadata>=4.10.0->gym==0.22.0->dppo==0.8.0)
  Downloading zipp-3.20.2-py3-none-any.whl.metadata (3.7 kB)
Collecting charset_normalizer<4,>=2 (from requests[socks]->gdown==5.2.0->dppo==0.8.0)
  Downloading charset_normalizer-3.5.2-cp37-abi3-manylinux1_x86_64.manylinux_2_28_x86_64.manylinux_2_5_x86_64.whl.metadata (46 kB)
Collecting idna<4,>=2.5 (from requests[socks]->gdown==5.2.0->dppo==0.8.0)
  Downloading idna-3.15-py3-none-any.whl.metadata (7.7 kB)
Collecting urllib3<3,>=1.21.1 (from requests[socks]->gdown==5.2.0->dppo==0.8.0)
  Downloading urllib3-2.2.3-py3-none-any.whl.metadata (6.5 kB)
Collecting certifi>=2017.4.17 (from requests[socks]->gdown==5.2.0->dppo==0.8.0)
  Downloading certifi-2026.7.22-py3-none-any.whl.metadata (2.5 kB)
Collecting soupsieve>=1.6.1 (from beautifulsoup4->gdown==5.2.0->dppo==0.8.0)
  Downloading soupsieve-2.7-py3-none-any.whl.metadata (4.6 kB)
Collecting MarkupSafe>=2.0 (from jinja2->torch==2.4.0->dppo==0.8.0)
  Downloading MarkupSafe-2.1.5-cp38-cp38-manylinux_2_17_x86_64.manylinux2014_x86_64.whl.metadata (3.0 kB)
Collecting PySocks!=1.5.7,>=1.5.6 (from requests[socks]->gdown==5.2.0->dppo==0.8.0)
  Downloading PySocks-1.7.1-py3-none-any.whl.metadata (13 kB)
Collecting mpmath<1.4,>=1.1.0 (from sympy->torch==2.4.0->dppo==0.8.0)
  Downloading mpmath-1.3.0-py3-none-any.whl.metadata (8.6 kB)
Collecting smmap<6,>=3.0.1 (from gitdb<5,>=4.0.1->gitpython!=3.1.29,>=1.0.0->wandb==0.17.7->dppo==0.8.0)
  Downloading smmap-5.0.3-py3-none-any.whl.metadata (4.6 kB)
Downloading av-12.3.0-cp38-cp38-manylinux_2_17_x86_64.manylinux2014_x86_64.whl (33.7 MB)
   ━━━━━━━━━━━━━━━━━━━━━━━━━━━━━━━━━━━━━━━━ 33.7/33.7 MB 84.2 MB/s eta 0:00:00
Downloading einops-0.8.0-py3-none-any.whl (43 kB)
Downloading gdown-5.2.0-py3-none-any.whl (18 kB)
Downloading hydra_core-1.3.2-py3-none-any.whl (154 kB)
Downloading imageio-2.35.1-py3-none-any.whl (315 kB)
Downloading matplotlib-3.7.5-cp38-cp38-manylinux_2_12_x86_64.manylinux2010_x86_64.whl (9.2 MB)
   ━━━━━━━━━━━━━━━━━━━━━━━━━━━━━━━━━━━━━━━━ 9.2/9.2 MB 63.6 MB/s eta 0:00:00
Downloading omegaconf-2.3.0-py3-none-any.whl (79 kB)
Downloading pretty_errors-1.2.25-py3-none-any.whl (17 kB)
Downloading torch-2.4.0-cp38-cp38-manylinux1_x86_64.whl (797.2 MB)
   ━━━━━━━━━━━━━━━━━━━━━━━━━━━━━━━━━━━━━━━━ 797.2/797.2 MB 10.3 MB/s eta 0:00:00
Downloading tqdm-4.66.5-py3-none-any.whl (78 kB)
Downloading wandb-0.17.7-py3-none-manylinux_2_17_x86_64.manylinux2014_x86_64.whl (9.3 MB)
   ━━━━━━━━━━━━━━━━━━━━━━━━━━━━━━━━━━━━━━━━ 9.3/9.3 MB 76.9 MB/s eta 0:00:00
Downloading nvidia_cublas_cu12-12.1.3.1-py3-none-manylinux1_x86_64.whl (410.6 MB)
   ━━━━━━━━━━━━━━━━━━━━━━━━━━━━━━━━━━━━━━━━ 410.6/410.6 MB 74.3 MB/s eta 0:00:00
Downloading nvidia_cuda_cupti_cu12-12.1.105-py3-none-manylinux1_x86_64.whl (14.1 MB)
   ━━━━━━━━━━━━━━━━━━━━━━━━━━━━━━━━━━━━━━━━ 14.1/14.1 MB 108.9 MB/s eta 0:00:00
Downloading nvidia_cuda_nvrtc_cu12-12.1.105-py3-none-manylinux1_x86_64.whl (23.7 MB)
   ━━━━━━━━━━━━━━━━━━━━━━━━━━━━━━━━━━━━━━━━ 23.7/23.7 MB 34.3 MB/s eta 0:00:00
Downloading nvidia_cuda_runtime_cu12-12.1.105-py3-none-manylinux1_x86_64.whl (823 kB)
   ━━━━━━━━━━━━━━━━━━━━━━━━━━━━━━━━━━━━━━━━ 823.6/823.6 kB 17.1 MB/s eta 0:00:00
Downloading nvidia_cudnn_cu12-9.1.0.70-py3-none-manylinux2014_x86_64.whl (664.8 MB)
   ━━━━━━━━━━━━━━━━━━━━━━━━━━━━━━━━━━━━━━━━ 664.8/664.8 MB 61.4 MB/s eta 0:00:00
Downloading nvidia_cufft_cu12-11.0.2.54-py3-none-manylinux1_x86_64.whl (121.6 MB)
   ━━━━━━━━━━━━━━━━━━━━━━━━━━━━━━━━━━━━━━━━ 121.6/121.6 MB 60.3 MB/s eta 0:00:00
Downloading nvidia_curand_cu12-10.3.2.106-py3-none-manylinux1_x86_64.whl (56.5 MB)
   ━━━━━━━━━━━━━━━━━━━━━━━━━━━━━━━━━━━━━━━━ 56.5/56.5 MB 55.0 MB/s eta 0:00:00
Downloading nvidia_cusolver_cu12-11.4.5.107-py3-none-manylinux1_x86_64.whl (124.2 MB)
   ━━━━━━━━━━━━━━━━━━━━━━━━━━━━━━━━━━━━━━━━ 124.2/124.2 MB 47.9 MB/s eta 0:00:00
Downloading nvidia_cusparse_cu12-12.1.0.106-py3-none-manylinux1_x86_64.whl (196.0 MB)
   ━━━━━━━━━━━━━━━━━━━━━━━━━━━━━━━━━━━━━━━━ 196.0/196.0 MB 75.4 MB/s eta 0:00:00
Downloading nvidia_nccl_cu12-2.20.5-py3-none-manylinux2014_x86_64.whl (176.2 MB)
   ━━━━━━━━━━━━━━━━━━━━━━━━━━━━━━━━━━━━━━━━ 176.2/176.2 MB 75.3 MB/s eta 0:00:00
Downloading nvidia_nvtx_cu12-12.1.105-py3-none-manylinux1_x86_64.whl (99 kB)
Downloading triton-3.0.0-1-cp38-cp38-manylinux2014_x86_64.manylinux_2_17_x86_64.whl (209.4 MB)
   ━━━━━━━━━━━━━━━━━━━━━━━━━━━━━━━━━━━━━━━━ 209.4/209.4 MB 49.9 MB/s eta 0:00:00
Downloading click-8.1.8-py3-none-any.whl (98 kB)
Downloading cloudpickle-3.1.2-py3-none-any.whl (22 kB)
Downloading contourpy-1.1.1-cp38-cp38-manylinux_2_17_x86_64.manylinux2014_x86_64.whl (301 kB)
Downloading cycler-0.12.1-py3-none-any.whl (8.3 kB)
Downloading docker_pycreds-0.4.0-py2.py3-none-any.whl (9.0 kB)
Downloading fonttools-4.57.0-cp38-cp38-manylinux_2_17_x86_64.manylinux2014_x86_64.whl (4.7 MB)
   ━━━━━━━━━━━━━━━━━━━━━━━━━━━━━━━━━━━━━━━━ 4.7/4.7 MB 86.6 MB/s eta 0:00:00
Downloading gitpython-3.2.0-py3-none-any.whl (228 kB)
Downloading gym_notices-0.1.0-py3-none-any.whl (3.3 kB)
Downloading importlib_metadata-8.5.0-py3-none-any.whl (26 kB)
Downloading importlib_resources-6.4.5-py3-none-any.whl (36 kB)
Downloading kiwisolver-1.4.7-cp38-cp38-manylinux_2_5_x86_64.manylinux1_x86_64.whl (1.2 MB)
   ━━━━━━━━━━━━━━━━━━━━━━━━━━━━━━━━━━━━━━━━ 1.2/1.2 MB 24.6 MB/s eta 0:00:00
Downloading numpy-1.24.4-cp38-cp38-manylinux_2_17_x86_64.manylinux2014_x86_64.whl (17.3 MB)
   ━━━━━━━━━━━━━━━━━━━━━━━━━━━━━━━━━━━━━━━━ 17.3/17.3 MB 112.8 MB/s eta 0:00:00
Downloading packaging-26.2-py3-none-any.whl (100 kB)
Downloading pillow-10.4.0-cp38-cp38-manylinux_2_28_x86_64.whl (4.5 MB)
   ━━━━━━━━━━━━━━━━━━━━━━━━━━━━━━━━━━━━━━━━ 4.5/4.5 MB 34.6 MB/s eta 0:00:00
Downloading protobuf-5.29.6-cp38-abi3-manylinux2014_x86_64.whl (320 kB)
Downloading psutil-7.2.2-cp36-abi3-manylinux2010_x86_64.manylinux_2_12_x86_64.manylinux_2_28_x86_64.whl (155 kB)
Downloading pyparsing-3.1.4-py3-none-any.whl (104 kB)
Downloading python_dateutil-2.9.0.post0-py2.py3-none-any.whl (229 kB)
Downloading PyYAML-6.0.3-cp38-cp38-manylinux2014_x86_64.manylinux_2_17_x86_64.manylinux_2_28_x86_64.whl (806 kB)
   ━━━━━━━━━━━━━━━━━━━━━━━━━━━━━━━━━━━━━━━━ 806.0/806.0 kB 27.0 MB/s eta 0:00:00
Downloading requests-2.32.4-py3-none-any.whl (64 kB)
Downloading sentry_sdk-2.71.0-py3-none-any.whl (534 kB)
   ━━━━━━━━━━━━━━━━━━━━━━━━━━━━━━━━━━━━━━━━ 534.3/534.3 kB 7.6 MB/s eta 0:00:00
Downloading typing_extensions-4.13.2-py3-none-any.whl (45 kB)
Downloading beautifulsoup4-4.15.0-py3-none-any.whl (109 kB)
Downloading colorama-0.4.6-py2.py3-none-any.whl (25 kB)
Downloading filelock-3.16.1-py3-none-any.whl (16 kB)
Downloading fsspec-2025.3.0-py3-none-any.whl (193 kB)
Downloading jinja2-3.1.6-py3-none-any.whl (134 kB)
Downloading networkx-3.1-py3-none-any.whl (2.1 MB)
   ━━━━━━━━━━━━━━━━━━━━━━━━━━━━━━━━━━━━━━━━ 2.1/2.1 MB 56.0 MB/s eta 0:00:00
Downloading platformdirs-4.3.6-py3-none-any.whl (18 kB)
Downloading sympy-1.13.3-py3-none-any.whl (6.2 MB)
   ━━━━━━━━━━━━━━━━━━━━━━━━━━━━━━━━━━━━━━━━ 6.2/6.2 MB 93.7 MB/s eta 0:00:00
Downloading certifi-2026.7.22-py3-none-any.whl (136 kB)
Downloading charset_normalizer-3.5.2-cp37-abi3-manylinux1_x86_64.manylinux_2_28_x86_64.manylinux_2_5_x86_64.whl (253 kB)
Downloading gitdb-4.0.12-py3-none-any.whl (62 kB)
Downloading idna-3.15-py3-none-any.whl (72 kB)
Downloading MarkupSafe-2.1.5-cp38-cp38-manylinux_2_17_x86_64.manylinux2014_x86_64.whl (26 kB)
Downloading mpmath-1.3.0-py3-none-any.whl (536 kB)
   ━━━━━━━━━━━━━━━━━━━━━━━━━━━━━━━━━━━━━━━━ 536.2/536.2 kB 13.5 MB/s eta 0:00:00
Downloading PySocks-1.7.1-py3-none-any.whl (16 kB)
Downloading six-1.17.0-py2.py3-none-any.whl (11 kB)
Downloading soupsieve-2.7-py3-none-any.whl (36 kB)
Downloading urllib3-2.2.3-py3-none-any.whl (126 kB)
Downloading zipp-3.20.2-py3-none-any.whl (9.2 kB)
Downloading nvidia_nvjitlink_cu12-12.9.86-py3-none-manylinux2010_x86_64.manylinux_2_12_x86_64.whl (39.7 MB)
   ━━━━━━━━━━━━━━━━━━━━━━━━━━━━━━━━━━━━━━━━ 39.7/39.7 MB 100.8 MB/s eta 0:00:00
Downloading smmap-5.0.3-py3-none-any.whl (24 kB)
Building wheels for collected packages: dppo, gym, antlr4-python3-runtime, setproctitle
  Building editable for dppo (pyproject.toml): started
  Building editable for dppo (pyproject.toml): finished with status 'done'
  Created wheel for dppo: filename=dppo-0.8.0-0.editable-py3-none-any.whl size=10005 sha256=93bf6e1eea0864b17fe361b3546307792b7423377cc925bc3cb4a89d0c630b9e
  Stored in directory: /soalnas/share/data/zbao7/diffusion_policy/results/repro_halfcheetah/tmp/pip-ephem-wheel-cache-s3mo4t65/wheels/6e/f6/c9/482731e3cdb4916b50dcc92d15f4a383798c040b55f0f62352
  Building wheel for gym (pyproject.toml): started
  Building wheel for gym (pyproject.toml): finished with status 'done'
  Created wheel for gym: filename=gym-0.22.0-py3-none-any.whl size=708361 sha256=f97e3d9f3312f000b3f23432defb0880cbb43018f8202c318b0720c349cffd98
  Stored in directory: /soalnas/share/data/zbao7/diffusion_policy/results/repro_halfcheetah/cache/pip/wheels/4d/6e/7d/0e050cb65b427dd0db5c5ab2c9a1f1ffa3d58db2f4db516268
  Building wheel for antlr4-python3-runtime (setup.py): started
  Building wheel for antlr4-python3-runtime (setup.py): finished with status 'done'
  Created wheel for antlr4-python3-runtime: filename=antlr4_python3_runtime-4.9.3-py3-none-any.whl size=144556 sha256=19ab66329a03d1f22f458f61e145395e9775d3fc33b1dca12a67cb6ebbb98869
  Stored in directory: /soalnas/share/data/zbao7/diffusion_policy/results/repro_halfcheetah/cache/pip/wheels/b1/a3/c2/6df046c09459b73cc9bb6c4401b0be6c47048baf9a1617c485
  Building wheel for setproctitle (pyproject.toml): started
  Building wheel for setproctitle (pyproject.toml): finished with status 'done'
  Created wheel for setproctitle: filename=setproctitle-1.3.8-cp38-cp38-linux_x86_64.whl size=14397 sha256=9a82e767c13c2b8cc1e41078fd6339978459c8cc07452a255313c52510c84b10
  Stored in directory: /soalnas/share/data/zbao7/diffusion_policy/results/repro_halfcheetah/cache/pip/wheels/78/cb/a3/81fdd54ccafc76bd36a6f7b3b51249f672bde4a1fbf670c739
Successfully built dppo gym antlr4-python3-runtime setproctitle
Installing collected packages: mpmath, gym-notices, antlr4-python3-runtime, zipp, urllib3, typing-extensions, tqdm, sympy, soupsieve, smmap, six, setproctitle, PyYAML, PySocks, pyparsing, psutil, protobuf, platformdirs, pillow, packaging, nvidia-nvtx-cu12, nvidia-nvjitlink-cu12, nvidia-nccl-cu12, nvidia-curand-cu12, nvidia-cufft-cu12, nvidia-cuda-runtime-cu12, nvidia-cuda-nvrtc-cu12, nvidia-cuda-cupti-cu12, nvidia-cublas-cu12, numpy, networkx, MarkupSafe, kiwisolver, idna, fsspec, fonttools, filelock, einops, cycler, colorama, cloudpickle, click, charset_normalizer, certifi, av, triton, sentry-sdk, requests, python-dateutil, pretty-errors, omegaconf, nvidia-cusparse-cu12, nvidia-cudnn-cu12, jinja2, importlib-resources, importlib-metadata, imageio, gitdb, docker-pycreds, contourpy, beautifulsoup4, nvidia-cusolver-cu12, matplotlib, hydra-core, gym, gitpython, wandb, torch, gdown, dppo
Successfully installed MarkupSafe-2.1.5 PySocks-1.7.1 PyYAML-6.0.3 antlr4-python3-runtime-4.9.3 av-12.3.0 beautifulsoup4-4.15.0 certifi-2026.7.22 charset_normalizer-3.5.2 click-8.1.8 cloudpickle-3.1.2 colorama-0.4.6 contourpy-1.1.1 cycler-0.12.1 docker-pycreds-0.4.0 dppo-0.8.0 einops-0.8.0 filelock-3.16.1 fonttools-4.57.0 fsspec-2025.3.0 gdown-5.2.0 gitdb-4.0.12 gitpython-3.2.0 gym-0.22.0 gym-notices-0.1.0 hydra-core-1.3.2 idna-3.15 imageio-2.35.1 importlib-metadata-8.5.0 importlib-resources-6.4.5 jinja2-3.1.6 kiwisolver-1.4.7 matplotlib-3.7.5 mpmath-1.3.0 networkx-3.1 numpy-1.24.4 nvidia-cublas-cu12-12.1.3.1 nvidia-cuda-cupti-cu12-12.1.105 nvidia-cuda-nvrtc-cu12-12.1.105 nvidia-cuda-runtime-cu12-12.1.105 nvidia-cudnn-cu12-9.1.0.70 nvidia-cufft-cu12-11.0.2.54 nvidia-curand-cu12-10.3.2.106 nvidia-cusolver-cu12-11.4.5.107 nvidia-cusparse-cu12-12.1.0.106 nvidia-nccl-cu12-2.20.5 nvidia-nvjitlink-cu12-12.9.86 nvidia-nvtx-cu12-12.1.105 omegaconf-2.3.0 packaging-26.2 pillow-10.4.0 platformdirs-4.3.6 pretty-errors-1.2.25 protobuf-5.29.6 psutil-7.2.2 pyparsing-3.1.4 python-dateutil-2.9.0.post0 requests-2.32.4 sentry-sdk-2.71.0 setproctitle-1.3.8 six-1.17.0 smmap-5.0.3 soupsieve-2.7 sympy-1.13.3 torch-2.4.0 tqdm-4.66.5 triton-3.0.0 typing-extensions-4.13.2 urllib3-2.2.3 wandb-0.17.7 zipp-3.20.2
