Channels:
 - conda-forge
Platform: linux-64
Collecting package metadata (repodata.json): ...working... done
Solving environment: ...working... done


==> WARNING: A newer version of conda exists. <==
    current version: 24.7.1
    latest version: 26.9.1

Please update conda by running

    $ conda update -n base -c conda-forge conda



## Package Plan ##

  environment location: /soalnas/share/data/zbao7/diffusion_policy/results/repro_halfcheetah/env

  added / updated specs:
    - pip
    - python=3.8


The following packages will be downloaded:

    package                    |            build
    ---------------------------|-----------------
    _openmp_mutex-4.5          |           20_gnu          28 KB  conda-forge
    bzip2-1.0.8                |      hda65f42_10         252 KB  conda-forge
    ca-certificates-2026.7.22  |       hbd8a1cb_0         129 KB  conda-forge
    ld_impl_linux-64-2.46.1    |default_hbd61a6d_102         728 KB  conda-forge
    libffi-3.7.0               |       h81df57d_1          66 KB  conda-forge
    libgcc-16.2.0              |       ha9f2e26_7         1.0 MB  conda-forge
    libgomp-16.2.0             |       he0feb66_7         626 KB  conda-forge
    liblzma-5.8.3              |       hb03c661_1         110 KB  conda-forge
    liblzma-devel-5.8.3        |       hb03c661_1         480 KB  conda-forge
    libnsl-2.0.1               |       hb9d3cd8_1          33 KB  conda-forge
    libsqlite-3.53.4           |     h0737f62_103         945 KB  conda-forge
    libuuid-2.42.4             |       hcfc3c73_0          34 KB  conda-forge
    libxcrypt-4.4.38           |       h280c20c_0         100 KB  conda-forge
    libzlib-1.3.2              |       h25fd6f3_3          62 KB  conda-forge
    ncurses-6.6                |       hdb14827_1         890 KB  conda-forge
    openssl-3.6.5              |       h781a0a9_0         3.0 MB  conda-forge
    pip-24.3.1                 |     pyh8b19718_0         1.2 MB  conda-forge
    python-3.8.20              |h4a871b0_2_cpython        21.1 MB  conda-forge
    readline-8.3               |       hd6e31c0_1         341 KB  conda-forge
    setuptools-75.3.0          |     pyhd8ed1ab_0         761 KB  conda-forge
    tk-8.6.13                  | noxft_h1df4ec4_4         3.4 MB  conda-forge
    wheel-0.45.1               |     pyhd8ed1ab_0          62 KB  conda-forge
    xz-5.8.3                   |       ha02ee65_1          23 KB  conda-forge
    xz-gpl-tools-5.8.3         |       ha02ee65_1          39 KB  conda-forge
    xz-tools-5.8.3             |       hb03c661_1          94 KB  conda-forge
    zstd-1.5.7                 |       hb78ec9c_7         587 KB  conda-forge
    ------------------------------------------------------------
                                           Total:        36.0 MB

The following NEW packages will be INSTALLED:

  _openmp_mutex      conda-forge/linux-64::_openmp_mutex-4.5-20_gnu 
  bzip2              conda-forge/linux-64::bzip2-1.0.8-hda65f42_10 
  ca-certificates    conda-forge/noarch::ca-certificates-2026.7.22-hbd8a1cb_0 
  ld_impl_linux-64   conda-forge/linux-64::ld_impl_linux-64-2.46.1-default_hbd61a6d_102 
  libffi             conda-forge/linux-64::libffi-3.7.0-h81df57d_1 
  libgcc             conda-forge/linux-64::libgcc-16.2.0-ha9f2e26_7 
  libgomp            conda-forge/linux-64::libgomp-16.2.0-he0feb66_7 
  liblzma            conda-forge/linux-64::liblzma-5.8.3-hb03c661_1 
  liblzma-devel      conda-forge/linux-64::liblzma-devel-5.8.3-hb03c661_1 
  libnsl             conda-forge/linux-64::libnsl-2.0.1-hb9d3cd8_1 
  libsqlite          conda-forge/linux-64::libsqlite-3.53.4-h0737f62_103 
  libuuid            conda-forge/linux-64::libuuid-2.42.4-hcfc3c73_0 
  libxcrypt          conda-forge/linux-64::libxcrypt-4.4.38-h280c20c_0 
  libzlib            conda-forge/linux-64::libzlib-1.3.2-h25fd6f3_3 
  ncurses            conda-forge/linux-64::ncurses-6.6-hdb14827_1 
  openssl            conda-forge/linux-64::openssl-3.6.5-h781a0a9_0 
  pip                conda-forge/noarch::pip-24.3.1-pyh8b19718_0 
  python             conda-forge/linux-64::python-3.8.20-h4a871b0_2_cpython 
  readline           conda-forge/linux-64::readline-8.3-hd6e31c0_1 
  setuptools         conda-forge/noarch::setuptools-75.3.0-pyhd8ed1ab_0 
  tk                 conda-forge/linux-64::tk-8.6.13-noxft_h1df4ec4_4 
  wheel              conda-forge/noarch::wheel-0.45.1-pyhd8ed1ab_0 
  xz                 conda-forge/linux-64::xz-5.8.3-ha02ee65_1 
  xz-gpl-tools       conda-forge/linux-64::xz-gpl-tools-5.8.3-ha02ee65_1 
  xz-tools           conda-forge/linux-64::xz-tools-5.8.3-hb03c661_1 
  zstd               conda-forge/linux-64::zstd-1.5.7-hb78ec9c_7 



Downloading and Extracting Packages: ...working... done
Preparing transaction: ...working... done
Verifying transaction: ...working... done
Executing transaction: ...working... done
#
# To activate this environment, use
#
#     $ conda activate /soalnas/share/data/zbao7/diffusion_policy/results/repro_halfcheetah/env
#
# To deactivate an active environment, use
#
#     $ conda deactivate

