+ trap 'batch_rc=$?; printf "{\"exit_code\":%s,\"status\":\"terminal\"}\n" "$batch_rc" > "$REPRO_ROOT/runs/batch_status.json"' EXIT
+ printf '{"status":"running"}\n'
++ python -c 'import datetime,time; print(int(datetime.datetime(2026,10,9,4,33,tzinfo=datetime.timezone.utc).timestamp()-time.time()))'
+ setup_remaining=6196
+ test 6196 -gt 0
+ timeout --kill-after=15 6196 bash /soalnas/share/data/zbao7/diffusion_policy/results/repro_halfcheetah/code/check_install.sh
+ date -u
Fri Oct  9 02:49:43 AM UTC 2026
+ nvidia-smi
Thu Oct  8 19:49:43 2026       
+-----------------------------------------------------------------------------------------+
| NVIDIA-SMI 580.82.07              Driver Version: 580.82.07      CUDA Version: 13.0     |
+-----------------------------------------+------------------------+----------------------+
| GPU  Name                 Persistence-M | Bus-Id          Disp.A | Volatile Uncorr. ECC |
| Fan  Temp   Perf          Pwr:Usage/Cap |           Memory-Usage | GPU-Util  Compute M. |
|                                         |                        |               MIG M. |
|=========================================+========================+======================|
|   0  NVIDIA RTX A6000               On  |   00000000:C1:00.0 Off |                  Off |
| 30%   32C    P8             20W /  300W |       1MiB /  49140MiB |      0%      Default |
|                                         |                        |                  N/A |
+-----------------------------------------+------------------------+----------------------+

+-----------------------------------------------------------------------------------------+
| Processes:                                                                              |
|  GPU   GI   CI              PID   Type   Process name                        GPU Memory |
|        ID   ID                                                               Usage      |
|=========================================================================================|
|  No running processes found                                                             |
+-----------------------------------------------------------------------------------------+
+ nproc
40
+ cat /etc/os-release
PRETTY_NAME="Ubuntu 24.04.4 LTS"
NAME="Ubuntu"
VERSION_ID="24.04"
VERSION="24.04.4 LTS (Noble Numbat)"
VERSION_CODENAME=noble
ID=ubuntu
ID_LIKE=debian
HOME_URL="https://www.ubuntu.com/"
SUPPORT_URL="https://help.ubuntu.com/"
BUG_REPORT_URL="https://bugs.launchpad.net/ubuntu/"
PRIVACY_POLICY_URL="https://www.ubuntu.com/legal/terms-and-policies/privacy-policy"
UBUNTU_CODENAME=noble
LOGO=ubuntu-logo
+ df -h /soalnas/share/data/zbao7/diffusion_policy/results/repro_halfcheetah
Filesystem                  Size  Used Avail Use% Mounted on
10.79.13.15:/soalnas/share   44T   39T  4.6T  90% /soalnas/share
+ git rev-parse HEAD
cc7234ad7ff39a8f32de3af903606723a16f0648
+ git diff --exit-code HEAD --
+ python -m pip freeze
+ python -m pip check
No broken requirements found.
+ python -c 'import torch; assert torch.__version__.split('\''+'\'')[0] == '\''2.4.0'\''; assert torch.cuda.is_available(); print('\''torch'\'', torch.__version__, '\''CUDA runtime'\'', torch.version.cuda, '\''GPU'\'', torch.cuda.get_device_name(0))'
torch 2.4.0+cu121 CUDA runtime 12.1 GPU NVIDIA RTX A6000
+ python -c 'import mujoco_py, d4rl, gym; gym.make('\''HalfCheetah-v2'\'').reset(); print('\''ok'\'')'
Traceback (most recent call last):
  File "<string>", line 1, in <module>
  File "/soalnas/share/data/zbao7/diffusion_policy/results/repro_halfcheetah/env/lib/python3.8/site-packages/mujoco_py/__init__.py", line 2, in <module>
    from mujoco_py.builder import cymj, ignore_mujoco_warnings, functions, MujocoException
  File "/soalnas/share/data/zbao7/diffusion_policy/results/repro_halfcheetah/env/lib/python3.8/site-packages/mujoco_py/builder.py", line 504, in <module>
    cymj = load_cython_ext(mujoco_path)
  File "/soalnas/share/data/zbao7/diffusion_policy/results/repro_halfcheetah/env/lib/python3.8/site-packages/mujoco_py/builder.py", line 76, in load_cython_ext
    _ensure_set_env_var("LD_LIBRARY_PATH", get_nvidia_lib_dir())
  File "/soalnas/share/data/zbao7/diffusion_policy/results/repro_halfcheetah/env/lib/python3.8/site-packages/mujoco_py/builder.py", line 120, in _ensure_set_env_var
    raise Exception("\nMissing path to your environment variable. \n"
Exception: 
Missing path to your environment variable. 
Current values LD_LIBRARY_PATH=/sailhome/zbao7/.mujoco/mujoco210/bin
Please add following line to .bashrc:
export LD_LIBRARY_PATH=$LD_LIBRARY_PATH:/usr/lib/nvidia
+ batch_rc=1
+ printf '{"exit_code":%s,"status":"terminal"}\n' 1
