GATE START prepare_cpu_default
GATE COMPLETE prepare_cpu_default
GATE START default_cpu_reference
GATE COMPLETE default_cpu_reference
GATE START default_cpu_edited
GATE COMPLETE default_cpu_edited
GATE START default_cuda0_reference
GATE COMPLETE default_cuda0_reference
GATE START default_cuda0_edited
GATE COMPLETE default_cuda0_edited
GATE START prepare_cpu_nc4
GATE COMPLETE prepare_cpu_nc4
GATE START nc4_cpu_reference
GATE COMPLETE nc4_cpu_reference
GATE START nc4_cpu_edited
GATE COMPLETE nc4_cpu_edited
GATE START nc4_cuda0_reference
GATE COMPLETE nc4_cuda0_reference
GATE START nc4_cuda0_edited
GATE COMPLETE nc4_cuda0_edited
GATE START features_cpu
GATE COMPLETE features_cpu
GATE START features_cuda0
GATE COMPLETE features_cuda0
GATE START B9_cpu_off
GATE COMPLETE B9_cpu_off
GATE START B9_cpu_on
GATE COMPLETE B9_cpu_on
